Archive member included to satisfy reference by file (symbol)

d:/st/stm32cubeide_1.3.0/stm32cubeide/plugins/com.st.stm32cube.ide.mcu.externaltools.gnu-tools-for-stm32.7-2018-q2-update.win32_1.0.0.201904181610/tools/bin/../lib/gcc/arm-none-eabi/7.3.1/../../../../arm-none-eabi/lib/thumb/v7e-m\libc_nano.a(lib_a-errno.o)
                              startup/sysmem.o (__errno)
d:/st/stm32cubeide_1.3.0/stm32cubeide/plugins/com.st.stm32cube.ide.mcu.externaltools.gnu-tools-for-stm32.7-2018-q2-update.win32_1.0.0.201904181610/tools/bin/../lib/gcc/arm-none-eabi/7.3.1/../../../../arm-none-eabi/lib/thumb/v7e-m\libc_nano.a(lib_a-exit.o)
                              d:/st/stm32cubeide_1.3.0/stm32cubeide/plugins/com.st.stm32cube.ide.mcu.externaltools.gnu-tools-for-stm32.7-2018-q2-update.win32_1.0.0.201904181610/tools/bin/../lib/gcc/arm-none-eabi/7.3.1/../../../../arm-none-eabi/lib/thumb/v7e-m/crt0.o (exit)
d:/st/stm32cubeide_1.3.0/stm32cubeide/plugins/com.st.stm32cube.ide.mcu.externaltools.gnu-tools-for-stm32.7-2018-q2-update.win32_1.0.0.201904181610/tools/bin/../lib/gcc/arm-none-eabi/7.3.1/../../../../arm-none-eabi/lib/thumb/v7e-m\libc_nano.a(lib_a-impure.o)
                              d:/st/stm32cubeide_1.3.0/stm32cubeide/plugins/com.st.stm32cube.ide.mcu.externaltools.gnu-tools-for-stm32.7-2018-q2-update.win32_1.0.0.201904181610/tools/bin/../lib/gcc/arm-none-eabi/7.3.1/../../../../arm-none-eabi/lib/thumb/v7e-m\libc_nano.a(lib_a-exit.o) (_global_impure_ptr)
d:/st/stm32cubeide_1.3.0/stm32cubeide/plugins/com.st.stm32cube.ide.mcu.externaltools.gnu-tools-for-stm32.7-2018-q2-update.win32_1.0.0.201904181610/tools/bin/../lib/gcc/arm-none-eabi/7.3.1/../../../../arm-none-eabi/lib/thumb/v7e-m\libc_nano.a(lib_a-init.o)
                              d:/st/stm32cubeide_1.3.0/stm32cubeide/plugins/com.st.stm32cube.ide.mcu.externaltools.gnu-tools-for-stm32.7-2018-q2-update.win32_1.0.0.201904181610/tools/bin/../lib/gcc/arm-none-eabi/7.3.1/../../../../arm-none-eabi/lib/thumb/v7e-m/crt0.o (__libc_init_array)
d:/st/stm32cubeide_1.3.0/stm32cubeide/plugins/com.st.stm32cube.ide.mcu.externaltools.gnu-tools-for-stm32.7-2018-q2-update.win32_1.0.0.201904181610/tools/bin/../lib/gcc/arm-none-eabi/7.3.1/../../../../arm-none-eabi/lib/thumb/v7e-m\libc_nano.a(lib_a-memset.o)
                              d:/st/stm32cubeide_1.3.0/stm32cubeide/plugins/com.st.stm32cube.ide.mcu.externaltools.gnu-tools-for-stm32.7-2018-q2-update.win32_1.0.0.201904181610/tools/bin/../lib/gcc/arm-none-eabi/7.3.1/../../../../arm-none-eabi/lib/thumb/v7e-m/crt0.o (memset)
d:/st/stm32cubeide_1.3.0/stm32cubeide/plugins/com.st.stm32cube.ide.mcu.externaltools.gnu-tools-for-stm32.7-2018-q2-update.win32_1.0.0.201904181610/tools/bin/../lib/gcc/arm-none-eabi/7.3.1/../../../../arm-none-eabi/lib/thumb/v7e-m\libnosys.a(_exit.o)
                              d:/st/stm32cubeide_1.3.0/stm32cubeide/plugins/com.st.stm32cube.ide.mcu.externaltools.gnu-tools-for-stm32.7-2018-q2-update.win32_1.0.0.201904181610/tools/bin/../lib/gcc/arm-none-eabi/7.3.1/../../../../arm-none-eabi/lib/thumb/v7e-m\libc_nano.a(lib_a-exit.o) (_exit)

Allocating common symbols
Common symbol       size              file

SPI2handle          0x20              src/008spi_cmd_handling_it.o
rcvBuff             0x64              src/008spi_cmd_handling_it.o
readByte            0x1               src/008spi_cmd_handling_it.o

Discarded input sections

 .text          0x0000000000000000        0x0 d:/st/stm32cubeide_1.3.0/stm32cubeide/plugins/com.st.stm32cube.ide.mcu.externaltools.gnu-tools-for-stm32.7-2018-q2-update.win32_1.0.0.201904181610/tools/bin/../lib/gcc/arm-none-eabi/7.3.1/thumb/v7e-m/crti.o
 .data          0x0000000000000000        0x0 d:/st/stm32cubeide_1.3.0/stm32cubeide/plugins/com.st.stm32cube.ide.mcu.externaltools.gnu-tools-for-stm32.7-2018-q2-update.win32_1.0.0.201904181610/tools/bin/../lib/gcc/arm-none-eabi/7.3.1/thumb/v7e-m/crti.o
 .bss           0x0000000000000000        0x0 d:/st/stm32cubeide_1.3.0/stm32cubeide/plugins/com.st.stm32cube.ide.mcu.externaltools.gnu-tools-for-stm32.7-2018-q2-update.win32_1.0.0.201904181610/tools/bin/../lib/gcc/arm-none-eabi/7.3.1/thumb/v7e-m/crti.o
 .data          0x0000000000000000        0x4 d:/st/stm32cubeide_1.3.0/stm32cubeide/plugins/com.st.stm32cube.ide.mcu.externaltools.gnu-tools-for-stm32.7-2018-q2-update.win32_1.0.0.201904181610/tools/bin/../lib/gcc/arm-none-eabi/7.3.1/thumb/v7e-m/crtbegin.o
 .text          0x0000000000000000       0x74 d:/st/stm32cubeide_1.3.0/stm32cubeide/plugins/com.st.stm32cube.ide.mcu.externaltools.gnu-tools-for-stm32.7-2018-q2-update.win32_1.0.0.201904181610/tools/bin/../lib/gcc/arm-none-eabi/7.3.1/../../../../arm-none-eabi/lib/thumb/v7e-m/crt0.o
 .data          0x0000000000000000        0x0 d:/st/stm32cubeide_1.3.0/stm32cubeide/plugins/com.st.stm32cube.ide.mcu.externaltools.gnu-tools-for-stm32.7-2018-q2-update.win32_1.0.0.201904181610/tools/bin/../lib/gcc/arm-none-eabi/7.3.1/../../../../arm-none-eabi/lib/thumb/v7e-m/crt0.o
 .bss           0x0000000000000000        0x0 d:/st/stm32cubeide_1.3.0/stm32cubeide/plugins/com.st.stm32cube.ide.mcu.externaltools.gnu-tools-for-stm32.7-2018-q2-update.win32_1.0.0.201904181610/tools/bin/../lib/gcc/arm-none-eabi/7.3.1/../../../../arm-none-eabi/lib/thumb/v7e-m/crt0.o
 .ARM.extab     0x0000000000000000        0x0 d:/st/stm32cubeide_1.3.0/stm32cubeide/plugins/com.st.stm32cube.ide.mcu.externaltools.gnu-tools-for-stm32.7-2018-q2-update.win32_1.0.0.201904181610/tools/bin/../lib/gcc/arm-none-eabi/7.3.1/../../../../arm-none-eabi/lib/thumb/v7e-m/crt0.o
 .ARM.exidx     0x0000000000000000        0x8 d:/st/stm32cubeide_1.3.0/stm32cubeide/plugins/com.st.stm32cube.ide.mcu.externaltools.gnu-tools-for-stm32.7-2018-q2-update.win32_1.0.0.201904181610/tools/bin/../lib/gcc/arm-none-eabi/7.3.1/../../../../arm-none-eabi/lib/thumb/v7e-m/crt0.o
 .ARM.attributes
                0x0000000000000000       0x1c d:/st/stm32cubeide_1.3.0/stm32cubeide/plugins/com.st.stm32cube.ide.mcu.externaltools.gnu-tools-for-stm32.7-2018-q2-update.win32_1.0.0.201904181610/tools/bin/../lib/gcc/arm-none-eabi/7.3.1/../../../../arm-none-eabi/lib/thumb/v7e-m/crt0.o
 .group         0x0000000000000000        0xc drivers/src/stm32f407xx_gpio_driver.o
 .group         0x0000000000000000        0xc drivers/src/stm32f407xx_gpio_driver.o
 .group         0x0000000000000000        0xc drivers/src/stm32f407xx_gpio_driver.o
 .group         0x0000000000000000        0xc drivers/src/stm32f407xx_gpio_driver.o
 .group         0x0000000000000000        0xc drivers/src/stm32f407xx_gpio_driver.o
 .group         0x0000000000000000        0xc drivers/src/stm32f407xx_gpio_driver.o
 .group         0x0000000000000000        0xc drivers/src/stm32f407xx_gpio_driver.o
 .group         0x0000000000000000        0xc drivers/src/stm32f407xx_gpio_driver.o
 .group         0x0000000000000000        0xc drivers/src/stm32f407xx_gpio_driver.o
 .group         0x0000000000000000        0xc drivers/src/stm32f407xx_gpio_driver.o
 .group         0x0000000000000000        0xc drivers/src/stm32f407xx_gpio_driver.o
 .text          0x0000000000000000        0x0 drivers/src/stm32f407xx_gpio_driver.o
 .data          0x0000000000000000        0x0 drivers/src/stm32f407xx_gpio_driver.o
 .bss           0x0000000000000000        0x0 drivers/src/stm32f407xx_gpio_driver.o
 .text.GPIO_DeInit
                0x0000000000000000      0x16c drivers/src/stm32f407xx_gpio_driver.o
 .text.GPIO_ReadFromInputPort
                0x0000000000000000       0x1c drivers/src/stm32f407xx_gpio_driver.o
 .text.GPIO_WriteToOutputPin
                0x0000000000000000       0x3a drivers/src/stm32f407xx_gpio_driver.o
 .text.GPIO_WriteToOutputPort
                0x0000000000000000       0x1e drivers/src/stm32f407xx_gpio_driver.o
 .text.GPIO_ToggleOutputPin
                0x0000000000000000       0x3c drivers/src/stm32f407xx_gpio_driver.o
 .text.GPIO_IRQInterruptConfig
                0x0000000000000000       0x70 drivers/src/stm32f407xx_gpio_driver.o
 .text.GPIO_IRQPriorityConfig
                0x0000000000000000       0x30 drivers/src/stm32f407xx_gpio_driver.o
 .text.GPIO_IRQHandling
                0x0000000000000000       0x40 drivers/src/stm32f407xx_gpio_driver.o
 .group         0x0000000000000000        0xc drivers/src/stm32f407xx_spi_driver.o
 .group         0x0000000000000000        0xc drivers/src/stm32f407xx_spi_driver.o
 .group         0x0000000000000000        0xc drivers/src/stm32f407xx_spi_driver.o
 .group         0x0000000000000000        0xc drivers/src/stm32f407xx_spi_driver.o
 .group         0x0000000000000000        0xc drivers/src/stm32f407xx_spi_driver.o
 .group         0x0000000000000000        0xc drivers/src/stm32f407xx_spi_driver.o
 .group         0x0000000000000000        0xc drivers/src/stm32f407xx_spi_driver.o
 .group         0x0000000000000000        0xc drivers/src/stm32f407xx_spi_driver.o
 .group         0x0000000000000000        0xc drivers/src/stm32f407xx_spi_driver.o
 .group         0x0000000000000000        0xc drivers/src/stm32f407xx_spi_driver.o
 .group         0x0000000000000000        0xc drivers/src/stm32f407xx_spi_driver.o
 .text          0x0000000000000000        0x0 drivers/src/stm32f407xx_spi_driver.o
 .data          0x0000000000000000        0x0 drivers/src/stm32f407xx_spi_driver.o
 .bss           0x0000000000000000        0x0 drivers/src/stm32f407xx_spi_driver.o
 .text.SPI_DeInit
                0x0000000000000000       0x88 drivers/src/stm32f407xx_spi_driver.o
 .text.SPI_SendData
                0x0000000000000000       0x80 drivers/src/stm32f407xx_spi_driver.o
 .text.SPI_ReceiveData
                0x0000000000000000       0x84 drivers/src/stm32f407xx_spi_driver.o
 .text.SPI_SendDataIT
                0x0000000000000000       0x5e drivers/src/stm32f407xx_spi_driver.o
 .text.SPI_IRQPriorityConfig
                0x0000000000000000       0x30 drivers/src/stm32f407xx_spi_driver.o
 .text.SPI_SSIConfig
                0x0000000000000000       0x36 drivers/src/stm32f407xx_spi_driver.o
 .text.SPI_ClearOVRFlag
                0x0000000000000000       0x1e drivers/src/stm32f407xx_spi_driver.o
 .text.SPI_ApplicationEventCallback
                0x0000000000000000       0x16 drivers/src/stm32f407xx_spi_driver.o
 .debug_macro   0x0000000000000000      0xa66 drivers/src/stm32f407xx_spi_driver.o
 .debug_macro   0x0000000000000000       0x22 drivers/src/stm32f407xx_spi_driver.o
 .debug_macro   0x0000000000000000       0x8e drivers/src/stm32f407xx_spi_driver.o
 .debug_macro   0x0000000000000000       0x51 drivers/src/stm32f407xx_spi_driver.o
 .debug_macro   0x0000000000000000       0xef drivers/src/stm32f407xx_spi_driver.o
 .debug_macro   0x0000000000000000       0x6a drivers/src/stm32f407xx_spi_driver.o
 .debug_macro   0x0000000000000000      0x1df drivers/src/stm32f407xx_spi_driver.o
 .debug_macro   0x0000000000000000      0x174 drivers/src/stm32f407xx_spi_driver.o
 .debug_macro   0x0000000000000000      0x4f6 drivers/src/stm32f407xx_spi_driver.o
 .debug_macro   0x0000000000000000       0xd0 drivers/src/stm32f407xx_spi_driver.o
 .debug_macro   0x0000000000000000       0xee drivers/src/stm32f407xx_spi_driver.o
 .group         0x0000000000000000        0xc src/008spi_cmd_handling_it.o
 .group         0x0000000000000000        0xc src/008spi_cmd_handling_it.o
 .group         0x0000000000000000        0xc src/008spi_cmd_handling_it.o
 .group         0x0000000000000000        0xc src/008spi_cmd_handling_it.o
 .group         0x0000000000000000        0xc src/008spi_cmd_handling_it.o
 .group         0x0000000000000000        0xc src/008spi_cmd_handling_it.o
 .group         0x0000000000000000        0xc src/008spi_cmd_handling_it.o
 .group         0x0000000000000000        0xc src/008spi_cmd_handling_it.o
 .group         0x0000000000000000        0xc src/008spi_cmd_handling_it.o
 .group         0x0000000000000000        0xc src/008spi_cmd_handling_it.o
 .group         0x0000000000000000        0xc src/008spi_cmd_handling_it.o
 .group         0x0000000000000000        0xc src/008spi_cmd_handling_it.o
 .group         0x0000000000000000        0xc src/008spi_cmd_handling_it.o
 .group         0x0000000000000000        0xc src/008spi_cmd_handling_it.o
 .group         0x0000000000000000        0xc src/008spi_cmd_handling_it.o
 .group         0x0000000000000000        0xc src/008spi_cmd_handling_it.o
 .group         0x0000000000000000        0xc src/008spi_cmd_handling_it.o
 .group         0x0000000000000000        0xc src/008spi_cmd_handling_it.o
 .group         0x0000000000000000        0xc src/008spi_cmd_handling_it.o
 .group         0x0000000000000000        0xc src/008spi_cmd_handling_it.o
 .group         0x0000000000000000        0xc src/008spi_cmd_handling_it.o
 .group         0x0000000000000000        0xc src/008spi_cmd_handling_it.o
 .group         0x0000000000000000        0xc src/008spi_cmd_handling_it.o
 .group         0x0000000000000000        0xc src/008spi_cmd_handling_it.o
 .text          0x0000000000000000        0x0 src/008spi_cmd_handling_it.o
 .data          0x0000000000000000        0x0 src/008spi_cmd_handling_it.o
 .text.SPI_VerifyResponse
                0x0000000000000000       0x20 src/008spi_cmd_handling_it.o
 .debug_macro   0x0000000000000000      0xa66 src/008spi_cmd_handling_it.o
 .debug_macro   0x0000000000000000       0x22 src/008spi_cmd_handling_it.o
 .debug_macro   0x0000000000000000      0x174 src/008spi_cmd_handling_it.o
 .debug_macro   0x0000000000000000       0xef src/008spi_cmd_handling_it.o
 .debug_macro   0x0000000000000000       0x6a src/008spi_cmd_handling_it.o
 .debug_macro   0x0000000000000000      0x1df src/008spi_cmd_handling_it.o
 .debug_macro   0x0000000000000000      0x4f6 src/008spi_cmd_handling_it.o
 .debug_macro   0x0000000000000000       0xd0 src/008spi_cmd_handling_it.o
 .text          0x0000000000000000       0x14 startup/startup_stm32.o
 .data          0x0000000000000000        0x0 startup/startup_stm32.o
 .bss           0x0000000000000000        0x0 startup/startup_stm32.o
 .group         0x0000000000000000        0xc startup/sysmem.o
 .group         0x0000000000000000        0xc startup/sysmem.o
 .group         0x0000000000000000        0xc startup/sysmem.o
 .group         0x0000000000000000        0xc startup/sysmem.o
 .group         0x0000000000000000        0xc startup/sysmem.o
 .group         0x0000000000000000        0xc startup/sysmem.o
 .group         0x0000000000000000        0xc startup/sysmem.o
 .group         0x0000000000000000        0xc startup/sysmem.o
 .group         0x0000000000000000        0xc startup/sysmem.o
 .group         0x0000000000000000        0xc startup/sysmem.o
 .group         0x0000000000000000        0xc startup/sysmem.o
 .group         0x0000000000000000        0xc startup/sysmem.o
 .group         0x0000000000000000        0xc startup/sysmem.o
 .group         0x0000000000000000        0xc startup/sysmem.o
 .group         0x0000000000000000        0xc startup/sysmem.o
 .group         0x0000000000000000        0xc startup/sysmem.o
 .group         0x0000000000000000        0xc startup/sysmem.o
 .group         0x0000000000000000        0xc startup/sysmem.o
 .group         0x0000000000000000        0xc startup/sysmem.o
 .group         0x0000000000000000        0xc startup/sysmem.o
 .group         0x0000000000000000        0xc startup/sysmem.o
 .group         0x0000000000000000        0xc startup/sysmem.o
 .group         0x0000000000000000        0xc startup/sysmem.o
 .group         0x0000000000000000        0xc startup/sysmem.o
 .group         0x0000000000000000        0xc startup/sysmem.o
 .group         0x0000000000000000        0xc startup/sysmem.o
 .group         0x0000000000000000        0xc startup/sysmem.o
 .group         0x0000000000000000        0xc startup/sysmem.o
 .group         0x0000000000000000        0xc startup/sysmem.o
 .group         0x0000000000000000        0xc startup/sysmem.o
 .group         0x0000000000000000        0xc startup/sysmem.o
 .group         0x0000000000000000        0xc startup/sysmem.o
 .text          0x0000000000000000        0x0 startup/sysmem.o
 .data          0x0000000000000000        0x0 startup/sysmem.o
 .bss           0x0000000000000000        0x4 startup/sysmem.o
 .text._sbrk    0x0000000000000000       0x58 startup/sysmem.o
 .debug_info    0x0000000000000000      0x91c startup/sysmem.o
 .debug_abbrev  0x0000000000000000      0x1bb startup/sysmem.o
 .debug_aranges
                0x0000000000000000       0x20 startup/sysmem.o
 .debug_ranges  0x0000000000000000       0x10 startup/sysmem.o
 .debug_macro   0x0000000000000000      0x1ae startup/sysmem.o
 .debug_macro   0x0000000000000000      0xa66 startup/sysmem.o
 .debug_macro   0x0000000000000000       0x10 startup/sysmem.o
 .debug_macro   0x0000000000000000       0x22 startup/sysmem.o
 .debug_macro   0x0000000000000000       0x40 startup/sysmem.o
 .debug_macro   0x0000000000000000       0x18 startup/sysmem.o
 .debug_macro   0x0000000000000000       0x94 startup/sysmem.o
 .debug_macro   0x0000000000000000       0x3c startup/sysmem.o
 .debug_macro   0x0000000000000000       0x34 startup/sysmem.o
 .debug_macro   0x0000000000000000      0x174 startup/sysmem.o
 .debug_macro   0x0000000000000000       0x57 startup/sysmem.o
 .debug_macro   0x0000000000000000       0x52 startup/sysmem.o
 .debug_macro   0x0000000000000000       0x1f startup/sysmem.o
 .debug_macro   0x0000000000000000       0x43 startup/sysmem.o
 .debug_macro   0x0000000000000000       0x20 startup/sysmem.o
 .debug_macro   0x0000000000000000      0x1a3 startup/sysmem.o
 .debug_macro   0x0000000000000000      0x23b startup/sysmem.o
 .debug_macro   0x0000000000000000       0x16 startup/sysmem.o
 .debug_macro   0x0000000000000000       0x35 startup/sysmem.o
 .debug_macro   0x0000000000000000      0x330 startup/sysmem.o
 .debug_macro   0x0000000000000000       0x10 startup/sysmem.o
 .debug_macro   0x0000000000000000       0x10 startup/sysmem.o
 .debug_macro   0x0000000000000000       0x6a startup/sysmem.o
 .debug_macro   0x0000000000000000       0x1c startup/sysmem.o
 .debug_macro   0x0000000000000000       0x52 startup/sysmem.o
 .debug_macro   0x0000000000000000       0x40 startup/sysmem.o
 .debug_macro   0x0000000000000000       0x10 startup/sysmem.o
 .debug_macro   0x0000000000000000       0x40 startup/sysmem.o
 .debug_macro   0x0000000000000000       0xd7 startup/sysmem.o
 .debug_macro   0x0000000000000000       0x1c startup/sysmem.o
 .debug_macro   0x0000000000000000       0x3d startup/sysmem.o
 .debug_macro   0x0000000000000000       0x16 startup/sysmem.o
 .debug_macro   0x0000000000000000      0x145 startup/sysmem.o
 .debug_line    0x0000000000000000      0x55d startup/sysmem.o
 .debug_str     0x0000000000000000     0x7af8 startup/sysmem.o
 .comment       0x0000000000000000       0x7c startup/sysmem.o
 .debug_frame   0x0000000000000000       0x34 startup/sysmem.o
 .ARM.attributes
                0x0000000000000000       0x33 startup/sysmem.o
 .text          0x0000000000000000        0x0 d:/st/stm32cubeide_1.3.0/stm32cubeide/plugins/com.st.stm32cube.ide.mcu.externaltools.gnu-tools-for-stm32.7-2018-q2-update.win32_1.0.0.201904181610/tools/bin/../lib/gcc/arm-none-eabi/7.3.1/../../../../arm-none-eabi/lib/thumb/v7e-m\libc_nano.a(lib_a-errno.o)
 .data          0x0000000000000000        0x0 d:/st/stm32cubeide_1.3.0/stm32cubeide/plugins/com.st.stm32cube.ide.mcu.externaltools.gnu-tools-for-stm32.7-2018-q2-update.win32_1.0.0.201904181610/tools/bin/../lib/gcc/arm-none-eabi/7.3.1/../../../../arm-none-eabi/lib/thumb/v7e-m\libc_nano.a(lib_a-errno.o)
 .bss           0x0000000000000000        0x0 d:/st/stm32cubeide_1.3.0/stm32cubeide/plugins/com.st.stm32cube.ide.mcu.externaltools.gnu-tools-for-stm32.7-2018-q2-update.win32_1.0.0.201904181610/tools/bin/../lib/gcc/arm-none-eabi/7.3.1/../../../../arm-none-eabi/lib/thumb/v7e-m\libc_nano.a(lib_a-errno.o)
 .text.__errno  0x0000000000000000        0xc d:/st/stm32cubeide_1.3.0/stm32cubeide/plugins/com.st.stm32cube.ide.mcu.externaltools.gnu-tools-for-stm32.7-2018-q2-update.win32_1.0.0.201904181610/tools/bin/../lib/gcc/arm-none-eabi/7.3.1/../../../../arm-none-eabi/lib/thumb/v7e-m\libc_nano.a(lib_a-errno.o)
 .debug_frame   0x0000000000000000       0x20 d:/st/stm32cubeide_1.3.0/stm32cubeide/plugins/com.st.stm32cube.ide.mcu.externaltools.gnu-tools-for-stm32.7-2018-q2-update.win32_1.0.0.201904181610/tools/bin/../lib/gcc/arm-none-eabi/7.3.1/../../../../arm-none-eabi/lib/thumb/v7e-m\libc_nano.a(lib_a-errno.o)
 .ARM.attributes
                0x0000000000000000       0x2e d:/st/stm32cubeide_1.3.0/stm32cubeide/plugins/com.st.stm32cube.ide.mcu.externaltools.gnu-tools-for-stm32.7-2018-q2-update.win32_1.0.0.201904181610/tools/bin/../lib/gcc/arm-none-eabi/7.3.1/../../../../arm-none-eabi/lib/thumb/v7e-m\libc_nano.a(lib_a-errno.o)
 .text          0x0000000000000000        0x0 d:/st/stm32cubeide_1.3.0/stm32cubeide/plugins/com.st.stm32cube.ide.mcu.externaltools.gnu-tools-for-stm32.7-2018-q2-update.win32_1.0.0.201904181610/tools/bin/../lib/gcc/arm-none-eabi/7.3.1/../../../../arm-none-eabi/lib/thumb/v7e-m\libc_nano.a(lib_a-exit.o)
 .data          0x0000000000000000        0x0 d:/st/stm32cubeide_1.3.0/stm32cubeide/plugins/com.st.stm32cube.ide.mcu.externaltools.gnu-tools-for-stm32.7-2018-q2-update.win32_1.0.0.201904181610/tools/bin/../lib/gcc/arm-none-eabi/7.3.1/../../../../arm-none-eabi/lib/thumb/v7e-m\libc_nano.a(lib_a-exit.o)
 .bss           0x0000000000000000        0x0 d:/st/stm32cubeide_1.3.0/stm32cubeide/plugins/com.st.stm32cube.ide.mcu.externaltools.gnu-tools-for-stm32.7-2018-q2-update.win32_1.0.0.201904181610/tools/bin/../lib/gcc/arm-none-eabi/7.3.1/../../../../arm-none-eabi/lib/thumb/v7e-m\libc_nano.a(lib_a-exit.o)
 .text.exit     0x0000000000000000       0x28 d:/st/stm32cubeide_1.3.0/stm32cubeide/plugins/com.st.stm32cube.ide.mcu.externaltools.gnu-tools-for-stm32.7-2018-q2-update.win32_1.0.0.201904181610/tools/bin/../lib/gcc/arm-none-eabi/7.3.1/../../../../arm-none-eabi/lib/thumb/v7e-m\libc_nano.a(lib_a-exit.o)
 .debug_frame   0x0000000000000000       0x28 d:/st/stm32cubeide_1.3.0/stm32cubeide/plugins/com.st.stm32cube.ide.mcu.externaltools.gnu-tools-for-stm32.7-2018-q2-update.win32_1.0.0.201904181610/tools/bin/../lib/gcc/arm-none-eabi/7.3.1/../../../../arm-none-eabi/lib/thumb/v7e-m\libc_nano.a(lib_a-exit.o)
 .ARM.attributes
                0x0000000000000000       0x2e d:/st/stm32cubeide_1.3.0/stm32cubeide/plugins/com.st.stm32cube.ide.mcu.externaltools.gnu-tools-for-stm32.7-2018-q2-update.win32_1.0.0.201904181610/tools/bin/../lib/gcc/arm-none-eabi/7.3.1/../../../../arm-none-eabi/lib/thumb/v7e-m\libc_nano.a(lib_a-exit.o)
 .text          0x0000000000000000        0x0 d:/st/stm32cubeide_1.3.0/stm32cubeide/plugins/com.st.stm32cube.ide.mcu.externaltools.gnu-tools-for-stm32.7-2018-q2-update.win32_1.0.0.201904181610/tools/bin/../lib/gcc/arm-none-eabi/7.3.1/../../../../arm-none-eabi/lib/thumb/v7e-m\libc_nano.a(lib_a-impure.o)
 .data          0x0000000000000000        0x0 d:/st/stm32cubeide_1.3.0/stm32cubeide/plugins/com.st.stm32cube.ide.mcu.externaltools.gnu-tools-for-stm32.7-2018-q2-update.win32_1.0.0.201904181610/tools/bin/../lib/gcc/arm-none-eabi/7.3.1/../../../../arm-none-eabi/lib/thumb/v7e-m\libc_nano.a(lib_a-impure.o)
 .bss           0x0000000000000000        0x0 d:/st/stm32cubeide_1.3.0/stm32cubeide/plugins/com.st.stm32cube.ide.mcu.externaltools.gnu-tools-for-stm32.7-2018-q2-update.win32_1.0.0.201904181610/tools/bin/../lib/gcc/arm-none-eabi/7.3.1/../../../../arm-none-eabi/lib/thumb/v7e-m\libc_nano.a(lib_a-impure.o)
 .data._impure_ptr
                0x0000000000000000        0x4 d:/st/stm32cubeide_1.3.0/stm32cubeide/plugins/com.st.stm32cube.ide.mcu.externaltools.gnu-tools-for-stm32.7-2018-q2-update.win32_1.0.0.201904181610/tools/bin/../lib/gcc/arm-none-eabi/7.3.1/../../../../arm-none-eabi/lib/thumb/v7e-m\libc_nano.a(lib_a-impure.o)
 .data.impure_data
                0x0000000000000000       0x60 d:/st/stm32cubeide_1.3.0/stm32cubeide/plugins/com.st.stm32cube.ide.mcu.externaltools.gnu-tools-for-stm32.7-2018-q2-update.win32_1.0.0.201904181610/tools/bin/../lib/gcc/arm-none-eabi/7.3.1/../../../../arm-none-eabi/lib/thumb/v7e-m\libc_nano.a(lib_a-impure.o)
 .rodata._global_impure_ptr
                0x0000000000000000        0x4 d:/st/stm32cubeide_1.3.0/stm32cubeide/plugins/com.st.stm32cube.ide.mcu.externaltools.gnu-tools-for-stm32.7-2018-q2-update.win32_1.0.0.201904181610/tools/bin/../lib/gcc/arm-none-eabi/7.3.1/../../../../arm-none-eabi/lib/thumb/v7e-m\libc_nano.a(lib_a-impure.o)
 .ARM.attributes
                0x0000000000000000       0x2e d:/st/stm32cubeide_1.3.0/stm32cubeide/plugins/com.st.stm32cube.ide.mcu.externaltools.gnu-tools-for-stm32.7-2018-q2-update.win32_1.0.0.201904181610/tools/bin/../lib/gcc/arm-none-eabi/7.3.1/../../../../arm-none-eabi/lib/thumb/v7e-m\libc_nano.a(lib_a-impure.o)
 .text          0x0000000000000000        0x0 d:/st/stm32cubeide_1.3.0/stm32cubeide/plugins/com.st.stm32cube.ide.mcu.externaltools.gnu-tools-for-stm32.7-2018-q2-update.win32_1.0.0.201904181610/tools/bin/../lib/gcc/arm-none-eabi/7.3.1/../../../../arm-none-eabi/lib/thumb/v7e-m\libc_nano.a(lib_a-init.o)
 .data          0x0000000000000000        0x0 d:/st/stm32cubeide_1.3.0/stm32cubeide/plugins/com.st.stm32cube.ide.mcu.externaltools.gnu-tools-for-stm32.7-2018-q2-update.win32_1.0.0.201904181610/tools/bin/../lib/gcc/arm-none-eabi/7.3.1/../../../../arm-none-eabi/lib/thumb/v7e-m\libc_nano.a(lib_a-init.o)
 .bss           0x0000000000000000        0x0 d:/st/stm32cubeide_1.3.0/stm32cubeide/plugins/com.st.stm32cube.ide.mcu.externaltools.gnu-tools-for-stm32.7-2018-q2-update.win32_1.0.0.201904181610/tools/bin/../lib/gcc/arm-none-eabi/7.3.1/../../../../arm-none-eabi/lib/thumb/v7e-m\libc_nano.a(lib_a-init.o)
 .text          0x0000000000000000        0x0 d:/st/stm32cubeide_1.3.0/stm32cubeide/plugins/com.st.stm32cube.ide.mcu.externaltools.gnu-tools-for-stm32.7-2018-q2-update.win32_1.0.0.201904181610/tools/bin/../lib/gcc/arm-none-eabi/7.3.1/../../../../arm-none-eabi/lib/thumb/v7e-m\libc_nano.a(lib_a-memset.o)
 .data          0x0000000000000000        0x0 d:/st/stm32cubeide_1.3.0/stm32cubeide/plugins/com.st.stm32cube.ide.mcu.externaltools.gnu-tools-for-stm32.7-2018-q2-update.win32_1.0.0.201904181610/tools/bin/../lib/gcc/arm-none-eabi/7.3.1/../../../../arm-none-eabi/lib/thumb/v7e-m\libc_nano.a(lib_a-memset.o)
 .bss           0x0000000000000000        0x0 d:/st/stm32cubeide_1.3.0/stm32cubeide/plugins/com.st.stm32cube.ide.mcu.externaltools.gnu-tools-for-stm32.7-2018-q2-update.win32_1.0.0.201904181610/tools/bin/../lib/gcc/arm-none-eabi/7.3.1/../../../../arm-none-eabi/lib/thumb/v7e-m\libc_nano.a(lib_a-memset.o)
 .text.memset   0x0000000000000000       0x10 d:/st/stm32cubeide_1.3.0/stm32cubeide/plugins/com.st.stm32cube.ide.mcu.externaltools.gnu-tools-for-stm32.7-2018-q2-update.win32_1.0.0.201904181610/tools/bin/../lib/gcc/arm-none-eabi/7.3.1/../../../../arm-none-eabi/lib/thumb/v7e-m\libc_nano.a(lib_a-memset.o)
 .debug_frame   0x0000000000000000       0x20 d:/st/stm32cubeide_1.3.0/stm32cubeide/plugins/com.st.stm32cube.ide.mcu.externaltools.gnu-tools-for-stm32.7-2018-q2-update.win32_1.0.0.201904181610/tools/bin/../lib/gcc/arm-none-eabi/7.3.1/../../../../arm-none-eabi/lib/thumb/v7e-m\libc_nano.a(lib_a-memset.o)
 .ARM.attributes
                0x0000000000000000       0x2e d:/st/stm32cubeide_1.3.0/stm32cubeide/plugins/com.st.stm32cube.ide.mcu.externaltools.gnu-tools-for-stm32.7-2018-q2-update.win32_1.0.0.201904181610/tools/bin/../lib/gcc/arm-none-eabi/7.3.1/../../../../arm-none-eabi/lib/thumb/v7e-m\libc_nano.a(lib_a-memset.o)
 .text          0x0000000000000000        0x0 d:/st/stm32cubeide_1.3.0/stm32cubeide/plugins/com.st.stm32cube.ide.mcu.externaltools.gnu-tools-for-stm32.7-2018-q2-update.win32_1.0.0.201904181610/tools/bin/../lib/gcc/arm-none-eabi/7.3.1/../../../../arm-none-eabi/lib/thumb/v7e-m\libnosys.a(_exit.o)
 .data          0x0000000000000000        0x0 d:/st/stm32cubeide_1.3.0/stm32cubeide/plugins/com.st.stm32cube.ide.mcu.externaltools.gnu-tools-for-stm32.7-2018-q2-update.win32_1.0.0.201904181610/tools/bin/../lib/gcc/arm-none-eabi/7.3.1/../../../../arm-none-eabi/lib/thumb/v7e-m\libnosys.a(_exit.o)
 .bss           0x0000000000000000        0x0 d:/st/stm32cubeide_1.3.0/stm32cubeide/plugins/com.st.stm32cube.ide.mcu.externaltools.gnu-tools-for-stm32.7-2018-q2-update.win32_1.0.0.201904181610/tools/bin/../lib/gcc/arm-none-eabi/7.3.1/../../../../arm-none-eabi/lib/thumb/v7e-m\libnosys.a(_exit.o)
 .text._exit    0x0000000000000000        0x2 d:/st/stm32cubeide_1.3.0/stm32cubeide/plugins/com.st.stm32cube.ide.mcu.externaltools.gnu-tools-for-stm32.7-2018-q2-update.win32_1.0.0.201904181610/tools/bin/../lib/gcc/arm-none-eabi/7.3.1/../../../../arm-none-eabi/lib/thumb/v7e-m\libnosys.a(_exit.o)
 .debug_frame   0x0000000000000000       0x20 d:/st/stm32cubeide_1.3.0/stm32cubeide/plugins/com.st.stm32cube.ide.mcu.externaltools.gnu-tools-for-stm32.7-2018-q2-update.win32_1.0.0.201904181610/tools/bin/../lib/gcc/arm-none-eabi/7.3.1/../../../../arm-none-eabi/lib/thumb/v7e-m\libnosys.a(_exit.o)
 .ARM.attributes
                0x0000000000000000       0x2e d:/st/stm32cubeide_1.3.0/stm32cubeide/plugins/com.st.stm32cube.ide.mcu.externaltools.gnu-tools-for-stm32.7-2018-q2-update.win32_1.0.0.201904181610/tools/bin/../lib/gcc/arm-none-eabi/7.3.1/../../../../arm-none-eabi/lib/thumb/v7e-m\libnosys.a(_exit.o)
 .text          0x0000000000000000        0x0 d:/st/stm32cubeide_1.3.0/stm32cubeide/plugins/com.st.stm32cube.ide.mcu.externaltools.gnu-tools-for-stm32.7-2018-q2-update.win32_1.0.0.201904181610/tools/bin/../lib/gcc/arm-none-eabi/7.3.1/thumb/v7e-m/crtend.o
 .data          0x0000000000000000        0x0 d:/st/stm32cubeide_1.3.0/stm32cubeide/plugins/com.st.stm32cube.ide.mcu.externaltools.gnu-tools-for-stm32.7-2018-q2-update.win32_1.0.0.201904181610/tools/bin/../lib/gcc/arm-none-eabi/7.3.1/thumb/v7e-m/crtend.o
 .bss           0x0000000000000000        0x0 d:/st/stm32cubeide_1.3.0/stm32cubeide/plugins/com.st.stm32cube.ide.mcu.externaltools.gnu-tools-for-stm32.7-2018-q2-update.win32_1.0.0.201904181610/tools/bin/../lib/gcc/arm-none-eabi/7.3.1/thumb/v7e-m/crtend.o
 .eh_frame      0x0000000000000000        0x4 d:/st/stm32cubeide_1.3.0/stm32cubeide/plugins/com.st.stm32cube.ide.mcu.externaltools.gnu-tools-for-stm32.7-2018-q2-update.win32_1.0.0.201904181610/tools/bin/../lib/gcc/arm-none-eabi/7.3.1/thumb/v7e-m/crtend.o
 .ARM.attributes
                0x0000000000000000       0x2e d:/st/stm32cubeide_1.3.0/stm32cubeide/plugins/com.st.stm32cube.ide.mcu.externaltools.gnu-tools-for-stm32.7-2018-q2-update.win32_1.0.0.201904181610/tools/bin/../lib/gcc/arm-none-eabi/7.3.1/thumb/v7e-m/crtend.o
 .text          0x0000000000000000        0x0 d:/st/stm32cubeide_1.3.0/stm32cubeide/plugins/com.st.stm32cube.ide.mcu.externaltools.gnu-tools-for-stm32.7-2018-q2-update.win32_1.0.0.201904181610/tools/bin/../lib/gcc/arm-none-eabi/7.3.1/thumb/v7e-m/crtn.o
 .data          0x0000000000000000        0x0 d:/st/stm32cubeide_1.3.0/stm32cubeide/plugins/com.st.stm32cube.ide.mcu.externaltools.gnu-tools-for-stm32.7-2018-q2-update.win32_1.0.0.201904181610/tools/bin/../lib/gcc/arm-none-eabi/7.3.1/thumb/v7e-m/crtn.o
 .bss           0x0000000000000000        0x0 d:/st/stm32cubeide_1.3.0/stm32cubeide/plugins/com.st.stm32cube.ide.mcu.externaltools.gnu-tools-for-stm32.7-2018-q2-update.win32_1.0.0.201904181610/tools/bin/../lib/gcc/arm-none-eabi/7.3.1/thumb/v7e-m/crtn.o

Memory Configuration

Name             Origin             Length             Attributes
RAM              0x0000000020000000 0x0000000000020000 xrw
ROM              0x0000000008000000 0x0000000000100000 xr
*default*        0x0000000000000000 0xffffffffffffffff

Linker script and memory map

LOAD d:/st/stm32cubeide_1.3.0/stm32cubeide/plugins/com.st.stm32cube.ide.mcu.externaltools.gnu-tools-for-stm32.7-2018-q2-update.win32_1.0.0.201904181610/tools/bin/../lib/gcc/arm-none-eabi/7.3.1/thumb/v7e-m/crti.o
LOAD d:/st/stm32cubeide_1.3.0/stm32cubeide/plugins/com.st.stm32cube.ide.mcu.externaltools.gnu-tools-for-stm32.7-2018-q2-update.win32_1.0.0.201904181610/tools/bin/../lib/gcc/arm-none-eabi/7.3.1/thumb/v7e-m/crtbegin.o
LOAD d:/st/stm32cubeide_1.3.0/stm32cubeide/plugins/com.st.stm32cube.ide.mcu.externaltools.gnu-tools-for-stm32.7-2018-q2-update.win32_1.0.0.201904181610/tools/bin/../lib/gcc/arm-none-eabi/7.3.1/../../../../arm-none-eabi/lib/thumb/v7e-m/crt0.o
LOAD drivers/src/stm32f407xx_gpio_driver.o
LOAD drivers/src/stm32f407xx_spi_driver.o
LOAD src/008spi_cmd_handling_it.o
LOAD startup/startup_stm32.o
LOAD startup/sysmem.o
START GROUP
LOAD d:/st/stm32cubeide_1.3.0/stm32cubeide/plugins/com.st.stm32cube.ide.mcu.externaltools.gnu-tools-for-stm32.7-2018-q2-update.win32_1.0.0.201904181610/tools/bin/../lib/gcc/arm-none-eabi/7.3.1/../../../../arm-none-eabi/lib/thumb/v7e-m\libc_nano.a
LOAD d:/st/stm32cubeide_1.3.0/stm32cubeide/plugins/com.st.stm32cube.ide.mcu.externaltools.gnu-tools-for-stm32.7-2018-q2-update.win32_1.0.0.201904181610/tools/bin/../lib/gcc/arm-none-eabi/7.3.1/../../../../arm-none-eabi/lib/thumb/v7e-m\libm.a
END GROUP
START GROUP
LOAD d:/st/stm32cubeide_1.3.0/stm32cubeide/plugins/com.st.stm32cube.ide.mcu.externaltools.gnu-tools-for-stm32.7-2018-q2-update.win32_1.0.0.201904181610/tools/bin/../lib/gcc/arm-none-eabi/7.3.1/thumb/v7e-m\libgcc.a
LOAD d:/st/stm32cubeide_1.3.0/stm32cubeide/plugins/com.st.stm32cube.ide.mcu.externaltools.gnu-tools-for-stm32.7-2018-q2-update.win32_1.0.0.201904181610/tools/bin/../lib/gcc/arm-none-eabi/7.3.1/../../../../arm-none-eabi/lib/thumb/v7e-m\libc_nano.a
END GROUP
START GROUP
LOAD d:/st/stm32cubeide_1.3.0/stm32cubeide/plugins/com.st.stm32cube.ide.mcu.externaltools.gnu-tools-for-stm32.7-2018-q2-update.win32_1.0.0.201904181610/tools/bin/../lib/gcc/arm-none-eabi/7.3.1/thumb/v7e-m\libgcc.a
LOAD d:/st/stm32cubeide_1.3.0/stm32cubeide/plugins/com.st.stm32cube.ide.mcu.externaltools.gnu-tools-for-stm32.7-2018-q2-update.win32_1.0.0.201904181610/tools/bin/../lib/gcc/arm-none-eabi/7.3.1/../../../../arm-none-eabi/lib/thumb/v7e-m\libc_nano.a
LOAD d:/st/stm32cubeide_1.3.0/stm32cubeide/plugins/com.st.stm32cube.ide.mcu.externaltools.gnu-tools-for-stm32.7-2018-q2-update.win32_1.0.0.201904181610/tools/bin/../lib/gcc/arm-none-eabi/7.3.1/../../../../arm-none-eabi/lib/thumb/v7e-m\libnosys.a
END GROUP
START GROUP
LOAD d:/st/stm32cubeide_1.3.0/stm32cubeide/plugins/com.st.stm32cube.ide.mcu.externaltools.gnu-tools-for-stm32.7-2018-q2-update.win32_1.0.0.201904181610/tools/bin/../lib/gcc/arm-none-eabi/7.3.1/thumb/v7e-m\libgcc.a
LOAD d:/st/stm32cubeide_1.3.0/stm32cubeide/plugins/com.st.stm32cube.ide.mcu.externaltools.gnu-tools-for-stm32.7-2018-q2-update.win32_1.0.0.201904181610/tools/bin/../lib/gcc/arm-none-eabi/7.3.1/../../../../arm-none-eabi/lib/thumb/v7e-m\libc_nano.a
LOAD d:/st/stm32cubeide_1.3.0/stm32cubeide/plugins/com.st.stm32cube.ide.mcu.externaltools.gnu-tools-for-stm32.7-2018-q2-update.win32_1.0.0.201904181610/tools/bin/../lib/gcc/arm-none-eabi/7.3.1/../../../../arm-none-eabi/lib/thumb/v7e-m\libnosys.a
END GROUP
LOAD d:/st/stm32cubeide_1.3.0/stm32cubeide/plugins/com.st.stm32cube.ide.mcu.externaltools.gnu-tools-for-stm32.7-2018-q2-update.win32_1.0.0.201904181610/tools/bin/../lib/gcc/arm-none-eabi/7.3.1/thumb/v7e-m/crtend.o
LOAD d:/st/stm32cubeide_1.3.0/stm32cubeide/plugins/com.st.stm32cube.ide.mcu.externaltools.gnu-tools-for-stm32.7-2018-q2-update.win32_1.0.0.201904181610/tools/bin/../lib/gcc/arm-none-eabi/7.3.1/thumb/v7e-m/crtn.o
                0x0000000020020000                _estack = 0x20020000
                0x0000000000000000                _Min_Heap_Size = 0x0
                0x0000000000000400                _Min_Stack_Size = 0x400

.isr_vector     0x0000000008000000      0x1a8
                0x0000000008000000                . = ALIGN (0x4)
 *(.isr_vector)
 .isr_vector    0x0000000008000000      0x1a8 startup/startup_stm32.o
                0x0000000008000000                g_pfnVectors
                0x00000000080001a8                . = ALIGN (0x4)

.text           0x00000000080001a8      0xdc8
                0x00000000080001a8                . = ALIGN (0x4)
 *(.text)
 .text          0x00000000080001a8       0x40 d:/st/stm32cubeide_1.3.0/stm32cubeide/plugins/com.st.stm32cube.ide.mcu.externaltools.gnu-tools-for-stm32.7-2018-q2-update.win32_1.0.0.201904181610/tools/bin/../lib/gcc/arm-none-eabi/7.3.1/thumb/v7e-m/crtbegin.o
 *(.text*)
 .text.GPIO_PeriClockControl
                0x00000000080001e8      0x1d0 drivers/src/stm32f407xx_gpio_driver.o
                0x00000000080001e8                GPIO_PeriClockControl
 .text.GPIO_Init
                0x00000000080003b8      0x36c drivers/src/stm32f407xx_gpio_driver.o
                0x00000000080003b8                GPIO_Init
 .text.GPIO_ReadFromInputPin
                0x0000000008000724       0x38 drivers/src/stm32f407xx_gpio_driver.o
                0x0000000008000724                GPIO_ReadFromInputPin
 .text.SPI_PeriClockControl
                0x000000000800075c       0xb0 drivers/src/stm32f407xx_spi_driver.o
                0x000000000800075c                SPI_PeriClockControl
 .text.SPI_Init
                0x000000000800080c       0xda drivers/src/stm32f407xx_spi_driver.o
                0x000000000800080c                SPI_Init
 .text.SPI_GetFlagStatus
                0x00000000080008e6       0x26 drivers/src/stm32f407xx_spi_driver.o
                0x00000000080008e6                SPI_GetFlagStatus
 .text.SPI_ReceiveDataIT
                0x000000000800090c       0x5e drivers/src/stm32f407xx_spi_driver.o
                0x000000000800090c                SPI_ReceiveDataIT
 *fill*         0x000000000800096a        0x2 
 .text.SPI_IRQInterruptConfig
                0x000000000800096c       0x70 drivers/src/stm32f407xx_spi_driver.o
                0x000000000800096c                SPI_IRQInterruptConfig
 .text.SPI_IRQHandling
                0x00000000080009dc       0x9a drivers/src/stm32f407xx_spi_driver.o
                0x00000000080009dc                SPI_IRQHandling
 .text.SPI_PeripheralControl
                0x0000000008000a76       0x36 drivers/src/stm32f407xx_spi_driver.o
                0x0000000008000a76                SPI_PeripheralControl
 .text.SPI_SSOEConfig
                0x0000000008000aac       0x36 drivers/src/stm32f407xx_spi_driver.o
                0x0000000008000aac                SPI_SSOEConfig
 .text.SPI_CloseTransmission
                0x0000000008000ae2       0x34 drivers/src/stm32f407xx_spi_driver.o
                0x0000000008000ae2                SPI_CloseTransmission
 .text.SPI_CloseReception
                0x0000000008000b16       0x34 drivers/src/stm32f407xx_spi_driver.o
                0x0000000008000b16                SPI_CloseReception
 .text.spi_txe_interrupt_handle
                0x0000000008000b4a       0x80 drivers/src/stm32f407xx_spi_driver.o
 .text.spi_rxne_interrupt_handle
                0x0000000008000bca       0x80 drivers/src/stm32f407xx_spi_driver.o
 .text.spi_ovr_err_interrupt_handle
                0x0000000008000c4a       0x30 drivers/src/stm32f407xx_spi_driver.o
 .text.delay    0x0000000008000c7a       0x26 src/008spi_cmd_handling_it.o
                0x0000000008000c7a                delay
 .text.main     0x0000000008000ca0       0x94 src/008spi_cmd_handling_it.o
                0x0000000008000ca0                main
 .text.SPI2_IRQHandler
                0x0000000008000d34       0x14 src/008spi_cmd_handling_it.o
                0x0000000008000d34                SPI2_IRQHandler
 .text.SPI_ApplicationEventCallback
                0x0000000008000d48       0x88 src/008spi_cmd_handling_it.o
                0x0000000008000d48                SPI_ApplicationEventCallback
 .text.SPI_GPIO_Setup
                0x0000000008000dd0       0x50 src/008spi_cmd_handling_it.o
                0x0000000008000dd0                SPI_GPIO_Setup
 .text.GPIO_ButtonInit
                0x0000000008000e20       0x54 src/008spi_cmd_handling_it.o
                0x0000000008000e20                GPIO_ButtonInit
 .text.SPI_Setup
                0x0000000008000e74       0x48 src/008spi_cmd_handling_it.o
                0x0000000008000e74                SPI_Setup
 .text.Reset_Handler
                0x0000000008000ebc       0x50 startup/startup_stm32.o
                0x0000000008000ebc                Reset_Handler
 .text.Default_Handler
                0x0000000008000f0c        0x2 startup/startup_stm32.o
                0x0000000008000f0c                RTC_Alarm_IRQHandler
                0x0000000008000f0c                HASH_RNG_IRQHandler
                0x0000000008000f0c                EXTI2_IRQHandler
                0x0000000008000f0c                TIM8_CC_IRQHandler
                0x0000000008000f0c                DebugMon_Handler
                0x0000000008000f0c                TIM1_CC_IRQHandler
                0x0000000008000f0c                DMA2_Stream5_IRQHandler
                0x0000000008000f0c                HardFault_Handler
                0x0000000008000f0c                DMA1_Stream5_IRQHandler
                0x0000000008000f0c                SysTick_Handler
                0x0000000008000f0c                PVD_IRQHandler
                0x0000000008000f0c                SDIO_IRQHandler
                0x0000000008000f0c                TAMP_STAMP_IRQHandler
                0x0000000008000f0c                PendSV_Handler
                0x0000000008000f0c                NMI_Handler
                0x0000000008000f0c                CAN2_RX1_IRQHandler
                0x0000000008000f0c                EXTI3_IRQHandler
                0x0000000008000f0c                TIM8_TRG_COM_TIM14_IRQHandler
                0x0000000008000f0c                TIM1_UP_TIM10_IRQHandler
                0x0000000008000f0c                TIM8_UP_TIM13_IRQHandler
                0x0000000008000f0c                I2C3_ER_IRQHandler
                0x0000000008000f0c                LCD_TFT_IRQHandler
                0x0000000008000f0c                EXTI0_IRQHandler
                0x0000000008000f0c                I2C2_EV_IRQHandler
                0x0000000008000f0c                DMA1_Stream2_IRQHandler
                0x0000000008000f0c                CAN1_RX0_IRQHandler
                0x0000000008000f0c                FPU_IRQHandler
                0x0000000008000f0c                OTG_HS_WKUP_IRQHandler
                0x0000000008000f0c                UsageFault_Handler
                0x0000000008000f0c                CAN2_SCE_IRQHandler
                0x0000000008000f0c                DMA2_Stream2_IRQHandler
                0x0000000008000f0c                SPI1_IRQHandler
                0x0000000008000f0c                TIM6_DAC_IRQHandler
                0x0000000008000f0c                TIM1_BRK_TIM9_IRQHandler
                0x0000000008000f0c                DCMI_IRQHandler
                0x0000000008000f0c                CAN2_RX0_IRQHandler
                0x0000000008000f0c                DMA2_Stream3_IRQHandler
                0x0000000008000f0c                USART6_IRQHandler
                0x0000000008000f0c                USART3_IRQHandler
                0x0000000008000f0c                CRYP_IRQHandler
                0x0000000008000f0c                CAN1_RX1_IRQHandler
                0x0000000008000f0c                UART5_IRQHandler
                0x0000000008000f0c                DMA2_Stream0_IRQHandler
                0x0000000008000f0c                TIM4_IRQHandler
                0x0000000008000f0c                I2C1_EV_IRQHandler
                0x0000000008000f0c                DMA1_Stream6_IRQHandler
                0x0000000008000f0c                DMA1_Stream1_IRQHandler
                0x0000000008000f0c                UART4_IRQHandler
                0x0000000008000f0c                LCD_TFT_1_IRQHandler
                0x0000000008000f0c                TIM3_IRQHandler
                0x0000000008000f0c                RCC_IRQHandler
                0x0000000008000f0c                TIM8_BRK_TIM12_IRQHandler
                0x0000000008000f0c                Default_Handler
                0x0000000008000f0c                EXTI15_10_IRQHandler
                0x0000000008000f0c                ADC_IRQHandler
                0x0000000008000f0c                DMA1_Stream7_IRQHandler
                0x0000000008000f0c                TIM7_IRQHandler
                0x0000000008000f0c                CAN2_TX_IRQHandler
                0x0000000008000f0c                TIM5_IRQHandler
                0x0000000008000f0c                DMA2_Stream7_IRQHandler
                0x0000000008000f0c                I2C3_EV_IRQHandler
                0x0000000008000f0c                EXTI9_5_IRQHandler
                0x0000000008000f0c                RTC_WKUP_IRQHandler
                0x0000000008000f0c                ETH_WKUP_IRQHandler
                0x0000000008000f0c                OTG_HS_EP1_IN_IRQHandler
                0x0000000008000f0c                MemManage_Handler
                0x0000000008000f0c                DMA1_Stream0_IRQHandler
                0x0000000008000f0c                CAN1_TX_IRQHandler
                0x0000000008000f0c                SVC_Handler
                0x0000000008000f0c                EXTI4_IRQHandler
                0x0000000008000f0c                FSMC_IRQHandler
                0x0000000008000f0c                ETH_IRQHandler
                0x0000000008000f0c                OTG_HS_EP1_OUT_IRQHandler
                0x0000000008000f0c                WWDG_IRQHandler
                0x0000000008000f0c                TIM2_IRQHandler
                0x0000000008000f0c                OTG_FS_WKUP_IRQHandler
                0x0000000008000f0c                TIM1_TRG_COM_TIM11_IRQHandler
                0x0000000008000f0c                OTG_HS_IRQHandler
                0x0000000008000f0c                EXTI1_IRQHandler
                0x0000000008000f0c                USART2_IRQHandler
                0x0000000008000f0c                I2C2_ER_IRQHandler
                0x0000000008000f0c                DMA2_Stream1_IRQHandler
                0x0000000008000f0c                CAN1_SCE_IRQHandler
                0x0000000008000f0c                DMA2_Stream4_IRQHandler
                0x0000000008000f0c                BusFault_Handler
                0x0000000008000f0c                USART1_IRQHandler
                0x0000000008000f0c                OTG_FS_IRQHandler
                0x0000000008000f0c                SPI3_IRQHandler
                0x0000000008000f0c                DMA1_Stream4_IRQHandler
                0x0000000008000f0c                I2C1_ER_IRQHandler
                0x0000000008000f0c                DMA2_Stream6_IRQHandler
                0x0000000008000f0c                DMA1_Stream3_IRQHandler
 *fill*         0x0000000008000f0e        0x2 
 .text.__libc_init_array
                0x0000000008000f10       0x48 d:/st/stm32cubeide_1.3.0/stm32cubeide/plugins/com.st.stm32cube.ide.mcu.externaltools.gnu-tools-for-stm32.7-2018-q2-update.win32_1.0.0.201904181610/tools/bin/../lib/gcc/arm-none-eabi/7.3.1/../../../../arm-none-eabi/lib/thumb/v7e-m\libc_nano.a(lib_a-init.o)
                0x0000000008000f10                __libc_init_array
 *(.glue_7)
 .glue_7        0x0000000008000f58        0x0 linker stubs
 *(.glue_7t)
 .glue_7t       0x0000000008000f58        0x0 linker stubs
 *(.eh_frame)
 .eh_frame      0x0000000008000f58        0x0 d:/st/stm32cubeide_1.3.0/stm32cubeide/plugins/com.st.stm32cube.ide.mcu.externaltools.gnu-tools-for-stm32.7-2018-q2-update.win32_1.0.0.201904181610/tools/bin/../lib/gcc/arm-none-eabi/7.3.1/thumb/v7e-m/crtbegin.o
 *(.init)
 .init          0x0000000008000f58        0x4 d:/st/stm32cubeide_1.3.0/stm32cubeide/plugins/com.st.stm32cube.ide.mcu.externaltools.gnu-tools-for-stm32.7-2018-q2-update.win32_1.0.0.201904181610/tools/bin/../lib/gcc/arm-none-eabi/7.3.1/thumb/v7e-m/crti.o
                0x0000000008000f58                _init
 .init          0x0000000008000f5c        0x8 d:/st/stm32cubeide_1.3.0/stm32cubeide/plugins/com.st.stm32cube.ide.mcu.externaltools.gnu-tools-for-stm32.7-2018-q2-update.win32_1.0.0.201904181610/tools/bin/../lib/gcc/arm-none-eabi/7.3.1/thumb/v7e-m/crtn.o
 *(.fini)
 .fini          0x0000000008000f64        0x4 d:/st/stm32cubeide_1.3.0/stm32cubeide/plugins/com.st.stm32cube.ide.mcu.externaltools.gnu-tools-for-stm32.7-2018-q2-update.win32_1.0.0.201904181610/tools/bin/../lib/gcc/arm-none-eabi/7.3.1/thumb/v7e-m/crti.o
                0x0000000008000f64                _fini
 .fini          0x0000000008000f68        0x8 d:/st/stm32cubeide_1.3.0/stm32cubeide/plugins/com.st.stm32cube.ide.mcu.externaltools.gnu-tools-for-stm32.7-2018-q2-update.win32_1.0.0.201904181610/tools/bin/../lib/gcc/arm-none-eabi/7.3.1/thumb/v7e-m/crtn.o
                0x0000000008000f70                . = ALIGN (0x4)
                0x0000000008000f70                _etext = .

.vfp11_veneer   0x0000000008000f70        0x0
 .vfp11_veneer  0x0000000008000f70        0x0 linker stubs

.v4_bx          0x0000000008000f70        0x0
 .v4_bx         0x0000000008000f70        0x0 linker stubs

.iplt           0x0000000008000f70        0x0
 .iplt          0x0000000008000f70        0x0 d:/st/stm32cubeide_1.3.0/stm32cubeide/plugins/com.st.stm32cube.ide.mcu.externaltools.gnu-tools-for-stm32.7-2018-q2-update.win32_1.0.0.201904181610/tools/bin/../lib/gcc/arm-none-eabi/7.3.1/thumb/v7e-m/crtbegin.o

.rel.dyn        0x0000000008000f70        0x0
 .rel.iplt      0x0000000008000f70        0x0 d:/st/stm32cubeide_1.3.0/stm32cubeide/plugins/com.st.stm32cube.ide.mcu.externaltools.gnu-tools-for-stm32.7-2018-q2-update.win32_1.0.0.201904181610/tools/bin/../lib/gcc/arm-none-eabi/7.3.1/thumb/v7e-m/crtbegin.o

.rodata         0x0000000008000f70        0x0
                0x0000000008000f70                . = ALIGN (0x4)
 *(.rodata)
 *(.rodata*)
                0x0000000008000f70                . = ALIGN (0x4)

.ARM.extab      0x0000000008000f70        0x0
                0x0000000008000f70                . = ALIGN (0x4)
 *(.ARM.extab* .gnu.linkonce.armextab.*)
                0x0000000008000f70                . = ALIGN (0x4)

.ARM            0x0000000008000f70        0x0
                0x0000000008000f70                . = ALIGN (0x4)
                0x0000000008000f70                __exidx_start = .
 *(.ARM.exidx*)
                0x0000000008000f70                __exidx_end = .
                0x0000000008000f70                . = ALIGN (0x4)

.preinit_array  0x0000000008000f70        0x0
                0x0000000008000f70                . = ALIGN (0x4)
                0x0000000008000f70                PROVIDE (__preinit_array_start = .)
 *(.preinit_array*)
                0x0000000008000f70                PROVIDE (__preinit_array_end = .)
                0x0000000008000f70                . = ALIGN (0x4)

.init_array     0x0000000008000f70        0x4
                0x0000000008000f70                . = ALIGN (0x4)
                0x0000000008000f70                PROVIDE (__init_array_start = .)
 *(SORT_BY_NAME(.init_array.*))
 *(.init_array*)
 .init_array    0x0000000008000f70        0x4 d:/st/stm32cubeide_1.3.0/stm32cubeide/plugins/com.st.stm32cube.ide.mcu.externaltools.gnu-tools-for-stm32.7-2018-q2-update.win32_1.0.0.201904181610/tools/bin/../lib/gcc/arm-none-eabi/7.3.1/thumb/v7e-m/crtbegin.o
                0x0000000008000f74                PROVIDE (__init_array_end = .)
                0x0000000008000f74                . = ALIGN (0x4)

.fini_array     0x0000000008000f74        0x4
                0x0000000008000f74                . = ALIGN (0x4)
                [!provide]                        PROVIDE (__fini_array_start = .)
 *(SORT_BY_NAME(.fini_array.*))
 *(.fini_array*)
 .fini_array    0x0000000008000f74        0x4 d:/st/stm32cubeide_1.3.0/stm32cubeide/plugins/com.st.stm32cube.ide.mcu.externaltools.gnu-tools-for-stm32.7-2018-q2-update.win32_1.0.0.201904181610/tools/bin/../lib/gcc/arm-none-eabi/7.3.1/thumb/v7e-m/crtbegin.o
                [!provide]                        PROVIDE (__fini_array_end = .)
                0x0000000008000f78                . = ALIGN (0x4)
                0x0000000008000f78                _sidata = LOADADDR (.data)

.data           0x0000000020000000        0x0 load address 0x0000000008000f78
                0x0000000020000000                . = ALIGN (0x4)
                0x0000000020000000                _sdata = .
 *(.data)
 *(.data*)
                0x0000000020000000                . = ALIGN (0x4)
                0x0000000020000000                _edata = .

.igot.plt       0x0000000020000000        0x0 load address 0x0000000008000f78
 .igot.plt      0x0000000020000000        0x0 d:/st/stm32cubeide_1.3.0/stm32cubeide/plugins/com.st.stm32cube.ide.mcu.externaltools.gnu-tools-for-stm32.7-2018-q2-update.win32_1.0.0.201904181610/tools/bin/../lib/gcc/arm-none-eabi/7.3.1/thumb/v7e-m/crtbegin.o
                0x0000000020000000                . = ALIGN (0x4)

.bss            0x0000000020000000       0xac load address 0x0000000008000f78
                0x0000000020000000                _sbss = .
                0x0000000020000000                __bss_start__ = _sbss
 *(.bss)
 .bss           0x0000000020000000       0x1c d:/st/stm32cubeide_1.3.0/stm32cubeide/plugins/com.st.stm32cube.ide.mcu.externaltools.gnu-tools-for-stm32.7-2018-q2-update.win32_1.0.0.201904181610/tools/bin/../lib/gcc/arm-none-eabi/7.3.1/thumb/v7e-m/crtbegin.o
 .bss           0x000000002000001c        0x8 src/008spi_cmd_handling_it.o
                0x000000002000001c                rxContFlag
 *(.bss*)
 *(COMMON)
 COMMON         0x0000000020000024       0x85 src/008spi_cmd_handling_it.o
                0x0000000020000024                SPI2handle
                0x0000000020000044                rcvBuff
                0x00000000200000a8                readByte
                0x00000000200000ac                . = ALIGN (0x4)
 *fill*         0x00000000200000a9        0x3 
                0x00000000200000ac                _ebss = .
                0x00000000200000ac                __bss_end__ = _ebss

._user_heap_stack
                0x00000000200000ac      0x404 load address 0x0000000008000f78
                0x00000000200000b0                . = ALIGN (0x8)
 *fill*         0x00000000200000ac        0x4 
                0x00000000200000b0                PROVIDE (end = .)
                [!provide]                        PROVIDE (_end = .)
                0x00000000200000b0                . = (. + _Min_Heap_Size)
                0x00000000200004b0                . = (. + _Min_Stack_Size)
 *fill*         0x00000000200000b0      0x400 
                0x00000000200004b0                . = ALIGN (0x8)

/DISCARD/
 libc.a(*)
 libm.a(*)
 libgcc.a(*)

.ARM.attributes
                0x0000000000000000       0x2a
 *(.ARM.attributes)
 .ARM.attributes
                0x0000000000000000       0x1e d:/st/stm32cubeide_1.3.0/stm32cubeide/plugins/com.st.stm32cube.ide.mcu.externaltools.gnu-tools-for-stm32.7-2018-q2-update.win32_1.0.0.201904181610/tools/bin/../lib/gcc/arm-none-eabi/7.3.1/thumb/v7e-m/crti.o
 .ARM.attributes
                0x000000000000001e       0x2e d:/st/stm32cubeide_1.3.0/stm32cubeide/plugins/com.st.stm32cube.ide.mcu.externaltools.gnu-tools-for-stm32.7-2018-q2-update.win32_1.0.0.201904181610/tools/bin/../lib/gcc/arm-none-eabi/7.3.1/thumb/v7e-m/crtbegin.o
 .ARM.attributes
                0x000000000000004c       0x33 drivers/src/stm32f407xx_gpio_driver.o
 .ARM.attributes
                0x000000000000007f       0x33 drivers/src/stm32f407xx_spi_driver.o
 .ARM.attributes
                0x00000000000000b2       0x33 src/008spi_cmd_handling_it.o
 .ARM.attributes
                0x00000000000000e5       0x21 startup/startup_stm32.o
 .ARM.attributes
                0x0000000000000106       0x2e d:/st/stm32cubeide_1.3.0/stm32cubeide/plugins/com.st.stm32cube.ide.mcu.externaltools.gnu-tools-for-stm32.7-2018-q2-update.win32_1.0.0.201904181610/tools/bin/../lib/gcc/arm-none-eabi/7.3.1/../../../../arm-none-eabi/lib/thumb/v7e-m\libc_nano.a(lib_a-init.o)
 .ARM.attributes
                0x0000000000000134       0x1e d:/st/stm32cubeide_1.3.0/stm32cubeide/plugins/com.st.stm32cube.ide.mcu.externaltools.gnu-tools-for-stm32.7-2018-q2-update.win32_1.0.0.201904181610/tools/bin/../lib/gcc/arm-none-eabi/7.3.1/thumb/v7e-m/crtn.o
OUTPUT(stm32f4xx_drivers.elf elf32-littlearm)

.debug_info     0x0000000000000000     0x1eb2
 .debug_info    0x0000000000000000      0x83c drivers/src/stm32f407xx_gpio_driver.o
 .debug_info    0x000000000000083c      0x97a drivers/src/stm32f407xx_spi_driver.o
 .debug_info    0x00000000000011b6      0xcda src/008spi_cmd_handling_it.o
 .debug_info    0x0000000000001e90       0x22 startup/startup_stm32.o

.debug_abbrev   0x0000000000000000      0x5b7
 .debug_abbrev  0x0000000000000000      0x18d drivers/src/stm32f407xx_gpio_driver.o
 .debug_abbrev  0x000000000000018d      0x1e5 drivers/src/stm32f407xx_spi_driver.o
 .debug_abbrev  0x0000000000000372      0x233 src/008spi_cmd_handling_it.o
 .debug_abbrev  0x00000000000005a5       0x12 startup/startup_stm32.o

.debug_aranges  0x0000000000000000      0x1b0
 .debug_aranges
                0x0000000000000000       0x70 drivers/src/stm32f407xx_gpio_driver.o
 .debug_aranges
                0x0000000000000070       0xc0 drivers/src/stm32f407xx_spi_driver.o
 .debug_aranges
                0x0000000000000130       0x58 src/008spi_cmd_handling_it.o
 .debug_aranges
                0x0000000000000188       0x28 startup/startup_stm32.o

.debug_ranges   0x0000000000000000      0x178
 .debug_ranges  0x0000000000000000       0x60 drivers/src/stm32f407xx_gpio_driver.o
 .debug_ranges  0x0000000000000060       0xb0 drivers/src/stm32f407xx_spi_driver.o
 .debug_ranges  0x0000000000000110       0x48 src/008spi_cmd_handling_it.o
 .debug_ranges  0x0000000000000158       0x20 startup/startup_stm32.o

.debug_macro    0x0000000000000000     0x226e
 .debug_macro   0x0000000000000000       0xa3 drivers/src/stm32f407xx_gpio_driver.o
 .debug_macro   0x00000000000000a3      0xa66 drivers/src/stm32f407xx_gpio_driver.o
 .debug_macro   0x0000000000000b09       0x22 drivers/src/stm32f407xx_gpio_driver.o
 .debug_macro   0x0000000000000b2b       0x8e drivers/src/stm32f407xx_gpio_driver.o
 .debug_macro   0x0000000000000bb9       0x51 drivers/src/stm32f407xx_gpio_driver.o
 .debug_macro   0x0000000000000c0a       0xef drivers/src/stm32f407xx_gpio_driver.o
 .debug_macro   0x0000000000000cf9       0x6a drivers/src/stm32f407xx_gpio_driver.o
 .debug_macro   0x0000000000000d63      0x1df drivers/src/stm32f407xx_gpio_driver.o
 .debug_macro   0x0000000000000f42      0x174 drivers/src/stm32f407xx_gpio_driver.o
 .debug_macro   0x00000000000010b6      0x4f6 drivers/src/stm32f407xx_gpio_driver.o
 .debug_macro   0x00000000000015ac       0xee drivers/src/stm32f407xx_gpio_driver.o
 .debug_macro   0x000000000000169a       0xd0 drivers/src/stm32f407xx_gpio_driver.o
 .debug_macro   0x000000000000176a       0xa3 drivers/src/stm32f407xx_spi_driver.o
 .debug_macro   0x000000000000180d      0x1ae src/008spi_cmd_handling_it.o
 .debug_macro   0x00000000000019bb       0x40 src/008spi_cmd_handling_it.o
 .debug_macro   0x00000000000019fb       0x18 src/008spi_cmd_handling_it.o
 .debug_macro   0x0000000000001a13       0x94 src/008spi_cmd_handling_it.o
 .debug_macro   0x0000000000001aa7       0x3c src/008spi_cmd_handling_it.o
 .debug_macro   0x0000000000001ae3       0x34 src/008spi_cmd_handling_it.o
 .debug_macro   0x0000000000001b17       0x57 src/008spi_cmd_handling_it.o
 .debug_macro   0x0000000000001b6e       0x52 src/008spi_cmd_handling_it.o
 .debug_macro   0x0000000000001bc0       0x1f src/008spi_cmd_handling_it.o
 .debug_macro   0x0000000000001bdf       0x43 src/008spi_cmd_handling_it.o
 .debug_macro   0x0000000000001c22       0x20 src/008spi_cmd_handling_it.o
 .debug_macro   0x0000000000001c42      0x1a3 src/008spi_cmd_handling_it.o
 .debug_macro   0x0000000000001de5      0x330 src/008spi_cmd_handling_it.o
 .debug_macro   0x0000000000002115       0x10 src/008spi_cmd_handling_it.o
 .debug_macro   0x0000000000002125       0x35 src/008spi_cmd_handling_it.o
 .debug_macro   0x000000000000215a       0x20 src/008spi_cmd_handling_it.o
 .debug_macro   0x000000000000217a       0xf4 src/008spi_cmd_handling_it.o

.debug_line     0x0000000000000000     0x13cb
 .debug_line    0x0000000000000000      0x656 drivers/src/stm32f407xx_gpio_driver.o
 .debug_line    0x0000000000000656      0x67c drivers/src/stm32f407xx_spi_driver.o
 .debug_line    0x0000000000000cd2      0x67d src/008spi_cmd_handling_it.o
 .debug_line    0x000000000000134f       0x7c startup/startup_stm32.o

.debug_str      0x0000000000000000     0x95c6
 .debug_str     0x0000000000000000     0x61e0 drivers/src/stm32f407xx_gpio_driver.o
                                       0x63e0 (size before relaxing)
 .debug_str     0x00000000000061e0      0x2b6 drivers/src/stm32f407xx_spi_driver.o
                                       0x6428 (size before relaxing)
 .debug_str     0x0000000000006496     0x3107 src/008spi_cmd_handling_it.o
                                       0x9301 (size before relaxing)
 .debug_str     0x000000000000959d       0x29 startup/startup_stm32.o
                                         0x86 (size before relaxing)

.comment        0x0000000000000000       0x7b
 .comment       0x0000000000000000       0x7b drivers/src/stm32f407xx_gpio_driver.o
                                         0x7c (size before relaxing)
 .comment       0x000000000000007b       0x7c drivers/src/stm32f407xx_spi_driver.o
 .comment       0x000000000000007b       0x7c src/008spi_cmd_handling_it.o

.debug_frame    0x0000000000000000      0x64c
 .debug_frame   0x0000000000000000      0x1c8 drivers/src/stm32f407xx_gpio_driver.o
 .debug_frame   0x00000000000001c8      0x334 drivers/src/stm32f407xx_spi_driver.o
 .debug_frame   0x00000000000004fc      0x124 src/008spi_cmd_handling_it.o
 .debug_frame   0x0000000000000620       0x2c d:/st/stm32cubeide_1.3.0/stm32cubeide/plugins/com.st.stm32cube.ide.mcu.externaltools.gnu-tools-for-stm32.7-2018-q2-update.win32_1.0.0.201904181610/tools/bin/../lib/gcc/arm-none-eabi/7.3.1/../../../../arm-none-eabi/lib/thumb/v7e-m\libc_nano.a(lib_a-init.o)
