Archive member included to satisfy reference by file (symbol)

d:/st/stm32cubeide_1.3.0/stm32cubeide/plugins/com.st.stm32cube.ide.mcu.externaltools.gnu-tools-for-stm32.7-2018-q2-update.win32_1.0.0.201904181610/tools/bin/../lib/gcc/arm-none-eabi/7.3.1/../../../../arm-none-eabi/lib/thumb/v7e-m\libc_nano.a(lib_a-errno.o)
                              src/syscalls.o (__errno)
d:/st/stm32cubeide_1.3.0/stm32cubeide/plugins/com.st.stm32cube.ide.mcu.externaltools.gnu-tools-for-stm32.7-2018-q2-update.win32_1.0.0.201904181610/tools/bin/../lib/gcc/arm-none-eabi/7.3.1/../../../../arm-none-eabi/lib/thumb/v7e-m\libc_nano.a(lib_a-exit.o)
                              d:/st/stm32cubeide_1.3.0/stm32cubeide/plugins/com.st.stm32cube.ide.mcu.externaltools.gnu-tools-for-stm32.7-2018-q2-update.win32_1.0.0.201904181610/tools/bin/../lib/gcc/arm-none-eabi/7.3.1/../../../../arm-none-eabi/lib/thumb/v7e-m/crt0.o (exit)
d:/st/stm32cubeide_1.3.0/stm32cubeide/plugins/com.st.stm32cube.ide.mcu.externaltools.gnu-tools-for-stm32.7-2018-q2-update.win32_1.0.0.201904181610/tools/bin/../lib/gcc/arm-none-eabi/7.3.1/../../../../arm-none-eabi/lib/thumb/v7e-m\libc_nano.a(lib_a-impure.o)
                              d:/st/stm32cubeide_1.3.0/stm32cubeide/plugins/com.st.stm32cube.ide.mcu.externaltools.gnu-tools-for-stm32.7-2018-q2-update.win32_1.0.0.201904181610/tools/bin/../lib/gcc/arm-none-eabi/7.3.1/../../../../arm-none-eabi/lib/thumb/v7e-m\libc_nano.a(lib_a-exit.o) (_global_impure_ptr)
d:/st/stm32cubeide_1.3.0/stm32cubeide/plugins/com.st.stm32cube.ide.mcu.externaltools.gnu-tools-for-stm32.7-2018-q2-update.win32_1.0.0.201904181610/tools/bin/../lib/gcc/arm-none-eabi/7.3.1/../../../../arm-none-eabi/lib/thumb/v7e-m\libc_nano.a(lib_a-init.o)
                              d:/st/stm32cubeide_1.3.0/stm32cubeide/plugins/com.st.stm32cube.ide.mcu.externaltools.gnu-tools-for-stm32.7-2018-q2-update.win32_1.0.0.201904181610/tools/bin/../lib/gcc/arm-none-eabi/7.3.1/../../../../arm-none-eabi/lib/thumb/v7e-m/crt0.o (__libc_init_array)
d:/st/stm32cubeide_1.3.0/stm32cubeide/plugins/com.st.stm32cube.ide.mcu.externaltools.gnu-tools-for-stm32.7-2018-q2-update.win32_1.0.0.201904181610/tools/bin/../lib/gcc/arm-none-eabi/7.3.1/../../../../arm-none-eabi/lib/thumb/v7e-m\libc_nano.a(lib_a-memset.o)
                              d:/st/stm32cubeide_1.3.0/stm32cubeide/plugins/com.st.stm32cube.ide.mcu.externaltools.gnu-tools-for-stm32.7-2018-q2-update.win32_1.0.0.201904181610/tools/bin/../lib/gcc/arm-none-eabi/7.3.1/../../../../arm-none-eabi/lib/thumb/v7e-m/crt0.o (memset)
d:/st/stm32cubeide_1.3.0/stm32cubeide/plugins/com.st.stm32cube.ide.mcu.externaltools.gnu-tools-for-stm32.7-2018-q2-update.win32_1.0.0.201904181610/tools/bin/../lib/gcc/arm-none-eabi/7.3.1/../../../../arm-none-eabi/lib/thumb/v7e-m\libc_nano.a(lib_a-puts.o)
                              src/012i2c_slave_tx_string_alt.o (puts)
d:/st/stm32cubeide_1.3.0/stm32cubeide/plugins/com.st.stm32cube.ide.mcu.externaltools.gnu-tools-for-stm32.7-2018-q2-update.win32_1.0.0.201904181610/tools/bin/../lib/gcc/arm-none-eabi/7.3.1/../../../../arm-none-eabi/lib/thumb/v7e-m\libc_nano.a(lib_a-strlen.o)
                              src/012i2c_slave_tx_string_alt.o (strlen)
d:/st/stm32cubeide_1.3.0/stm32cubeide/plugins/com.st.stm32cube.ide.mcu.externaltools.gnu-tools-for-stm32.7-2018-q2-update.win32_1.0.0.201904181610/tools/bin/../lib/gcc/arm-none-eabi/7.3.1/../../../../arm-none-eabi/lib/thumb/v7e-m\libc_nano.a(lib_a-wbuf.o)
                              d:/st/stm32cubeide_1.3.0/stm32cubeide/plugins/com.st.stm32cube.ide.mcu.externaltools.gnu-tools-for-stm32.7-2018-q2-update.win32_1.0.0.201904181610/tools/bin/../lib/gcc/arm-none-eabi/7.3.1/../../../../arm-none-eabi/lib/thumb/v7e-m\libc_nano.a(lib_a-puts.o) (__swbuf_r)
d:/st/stm32cubeide_1.3.0/stm32cubeide/plugins/com.st.stm32cube.ide.mcu.externaltools.gnu-tools-for-stm32.7-2018-q2-update.win32_1.0.0.201904181610/tools/bin/../lib/gcc/arm-none-eabi/7.3.1/../../../../arm-none-eabi/lib/thumb/v7e-m\libc_nano.a(lib_a-wsetup.o)
                              d:/st/stm32cubeide_1.3.0/stm32cubeide/plugins/com.st.stm32cube.ide.mcu.externaltools.gnu-tools-for-stm32.7-2018-q2-update.win32_1.0.0.201904181610/tools/bin/../lib/gcc/arm-none-eabi/7.3.1/../../../../arm-none-eabi/lib/thumb/v7e-m\libc_nano.a(lib_a-puts.o) (__swsetup_r)
d:/st/stm32cubeide_1.3.0/stm32cubeide/plugins/com.st.stm32cube.ide.mcu.externaltools.gnu-tools-for-stm32.7-2018-q2-update.win32_1.0.0.201904181610/tools/bin/../lib/gcc/arm-none-eabi/7.3.1/../../../../arm-none-eabi/lib/thumb/v7e-m\libc_nano.a(lib_a-fflush.o)
                              d:/st/stm32cubeide_1.3.0/stm32cubeide/plugins/com.st.stm32cube.ide.mcu.externaltools.gnu-tools-for-stm32.7-2018-q2-update.win32_1.0.0.201904181610/tools/bin/../lib/gcc/arm-none-eabi/7.3.1/../../../../arm-none-eabi/lib/thumb/v7e-m\libc_nano.a(lib_a-wbuf.o) (_fflush_r)
[...]
Memory Configuration

Name             Origin             Length             Attributes
RAM              0x0000000020000000 0x0000000000020000 xrw
ROM              0x0000000008000000 0x0000000000100000 xr
*default*        0x0000000000000000 0xffffffffffffffff

Linker script and memory map

LOAD d:/st/stm32cubeide_1.3.0/stm32cubeide/plugins/com.st.stm32cube.ide.mcu.externaltools.gnu-tools-for-stm32.7-2018-q2-update.win32_1.0.0.201904181610/tools/bin/../lib/gcc/arm-none-eabi/7.3.1/thumb/v7e-m/crti.o
LOAD d:/st/stm32cubeide_1.3.0/stm32cubeide/plugins/com.st.stm32cube.ide.mcu.externaltools.gnu-tools-for-stm32.7-2018-q2-update.win32_1.0.0.201904181610/tools/bin/../lib/gcc/arm-none-eabi/7.3.1/thumb/v7e-m/crtbegin.o
LOAD d:/st/stm32cubeide_1.3.0/stm32cubeide/plugins/com.st.stm32cube.ide.mcu.externaltools.gnu-tools-for-stm32.7-2018-q2-update.win32_1.0.0.201904181610/tools/bin/../lib/gcc/arm-none-eabi/7.3.1/../../../../arm-none-eabi/lib/thumb/v7e-m/crt0.o
LOAD drivers/src/stm32f407xx_gpio_driver.o
LOAD drivers/src/stm32f407xx_i2c_driver.o
LOAD drivers/src/stm32f407xx_rcc_driver.o
LOAD drivers/src/stm32f407xx_spi_driver.o
LOAD drivers/src/stm32f407xx_usart_driver.o
LOAD src/012i2c_slave_tx_string_alt.o
LOAD src/syscalls.o
LOAD startup/startup_stm32.o
LOAD startup/sysmem.o
START GROUP
LOAD d:/st/stm32cubeide_1.3.0/stm32cubeide/plugins/com.st.stm32cube.ide.mcu.externaltools.gnu-tools-for-stm32.7-2018-q2-update.win32_1.0.0.201904181610/tools/bin/../lib/gcc/arm-none-eabi/7.3.1/../../../../arm-none-eabi/lib/thumb/v7e-m\libc_nano.a
LOAD d:/st/stm32cubeide_1.3.0/stm32cubeide/plugins/com.st.stm32cube.ide.mcu.externaltools.gnu-tools-for-stm32.7-2018-q2-update.win32_1.0.0.201904181610/tools/bin/../lib/gcc/arm-none-eabi/7.3.1/../../../../arm-none-eabi/lib/thumb/v7e-m\libm.a
END GROUP
START GROUP
LOAD d:/st/stm32cubeide_1.3.0/stm32cubeide/plugins/com.st.stm32cube.ide.mcu.externaltools.gnu-tools-for-stm32.7-2018-q2-update.win32_1.0.0.201904181610/tools/bin/../lib/gcc/arm-none-eabi/7.3.1/thumb/v7e-m\libgcc.a
LOAD d:/st/stm32cubeide_1.3.0/stm32cubeide/plugins/com.st.stm32cube.ide.mcu.externaltools.gnu-tools-for-stm32.7-2018-q2-update.win32_1.0.0.201904181610/tools/bin/../lib/gcc/arm-none-eabi/7.3.1/../../../../arm-none-eabi/lib/thumb/v7e-m\libc_nano.a
END GROUP
START GROUP
LOAD d:/st/stm32cubeide_1.3.0/stm32cubeide/plugins/com.st.stm32cube.ide.mcu.externaltools.gnu-tools-for-stm32.7-2018-q2-update.win32_1.0.0.201904181610/tools/bin/../lib/gcc/arm-none-eabi/7.3.1/thumb/v7e-m\libgcc.a
LOAD d:/st/stm32cubeide_1.3.0/stm32cubeide/plugins/com.st.stm32cube.ide.mcu.externaltools.gnu-tools-for-stm32.7-2018-q2-update.win32_1.0.0.201904181610/tools/bin/../lib/gcc/arm-none-eabi/7.3.1/../../../../arm-none-eabi/lib/thumb/v7e-m\libc_nano.a
LOAD d:/st/stm32cubeide_1.3.0/stm32cubeide/plugins/com.st.stm32cube.ide.mcu.externaltools.gnu-tools-for-stm32.7-2018-q2-update.win32_1.0.0.201904181610/tools/bin/../lib/gcc/arm-none-eabi/7.3.1/../../../../arm-none-eabi/lib/thumb/v7e-m\libnosys.a
END GROUP
START GROUP
LOAD d:/st/stm32cubeide_1.3.0/stm32cubeide/plugins/com.st.stm32cube.ide.mcu.externaltools.gnu-tools-for-stm32.7-2018-q2-update.win32_1.0.0.201904181610/tools/bin/../lib/gcc/arm-none-eabi/7.3.1/thumb/v7e-m\libgcc.a
LOAD d:/st/stm32cubeide_1.3.0/stm32cubeide/plugins/com.st.stm32cube.ide.mcu.externaltools.gnu-tools-for-stm32.7-2018-q2-update.win32_1.0.0.201904181610/tools/bin/../lib/gcc/arm-none-eabi/7.3.1/../../../../arm-none-eabi/lib/thumb/v7e-m\libc_nano.a
LOAD d:/st/stm32cubeide_1.3.0/stm32cubeide/plugins/com.st.stm32cube.ide.mcu.externaltools.gnu-tools-for-stm32.7-2018-q2-update.win32_1.0.0.201904181610/tools/bin/../lib/gcc/arm-none-eabi/7.3.1/../../../../arm-none-eabi/lib/thumb/v7e-m\libnosys.a
END GROUP
LOAD d:/st/stm32cubeide_1.3.0/stm32cubeide/plugins/com.st.stm32cube.ide.mcu.externaltools.gnu-tools-for-stm32.7-2018-q2-update.win32_1.0.0.201904181610/tools/bin/../lib/gcc/arm-none-eabi/7.3.1/thumb/v7e-m/crtend.o
LOAD d:/st/stm32cubeide_1.3.0/stm32cubeide/plugins/com.st.stm32cube.ide.mcu.externaltools.gnu-tools-for-stm32.7-2018-q2-update.win32_1.0.0.201904181610/tools/bin/../lib/gcc/arm-none-eabi/7.3.1/thumb/v7e-m/crtn.o
                0x0000000020020000                _estack = 0x20020000
                0x0000000000000000                _Min_Heap_Size = 0x0
                0x0000000000000400                _Min_Stack_Size = 0x400

.isr_vector     0x0000000008000000      0x1a8
                0x0000000008000000                . = ALIGN (0x4)
 *(.isr_vector)
 .isr_vector    0x0000000008000000      0x1a8 startup/startup_stm32.o
                0x0000000008000000                g_pfnVectors
                0x00000000080001a8                . = ALIGN (0x4)

.text           0x00000000080001a8     0x1d4c
                0x00000000080001a8                . = ALIGN (0x4)
 *(.text)
 .text          0x00000000080001a8       0x40 d:/st/stm32cubeide_1.3.0/stm32cubeide/plugins/com.st.stm32cube.ide.mcu.externaltools.gnu-tools-for-stm32.7-2018-q2-update.win32_1.0.0.201904181610/tools/bin/../lib/gcc/arm-none-eabi/7.3.1/thumb/v7e-m/crtbegin.o
 .text          0x00000000080001e8       0x10 d:/st/stm32cubeide_1.3.0/stm32cubeide/plugins/com.st.stm32cube.ide.mcu.externaltools.gnu-tools-for-stm32.7-2018-q2-update.win32_1.0.0.201904181610/tools/bin/../lib/gcc/arm-none-eabi/7.3.1/../../../../arm-none-eabi/lib/thumb/v7e-m\libc_nano.a(lib_a-strlen.o)
                0x00000000080001e8                strlen
 *(.text*)
 .text.GPIO_PeriClockControl
                0x00000000080001f8      0x1d0 drivers/src/stm32f407xx_gpio_driver.o
                0x00000000080001f8                GPIO_PeriClockControl
 .text.GPIO_Init
                0x00000000080003c8      0x36c drivers/src/stm32f407xx_gpio_driver.o
                0x00000000080003c8                GPIO_Init
 .text.I2C_ExecuteAddressPhase
                0x0000000008000734       0x3e drivers/src/stm32f407xx_i2c_driver.o
 .text.I2C_ClearADDRFlag
                0x0000000008000772       0x1e drivers/src/stm32f407xx_i2c_driver.o
 .text.I2C_ClearSTOPFFlag
                0x0000000008000790       0x28 drivers/src/stm32f407xx_i2c_driver.o
 .text.I2C_PeriClockControl
                0x00000000080007b8       0xb0 drivers/src/stm32f407xx_i2c_driver.o
                0x00000000080007b8                I2C_PeriClockControl
 .text.I2C_Init
                0x0000000008000868      0x164 drivers/src/stm32f407xx_i2c_driver.o
                0x0000000008000868                I2C_Init
 .text.I2C_SlaveSendDataIT
                0x00000000080009cc       0x90 drivers/src/stm32f407xx_i2c_driver.o
                0x00000000080009cc                I2C_SlaveSendDataIT
 .text.I2C_SlaveReceiveDataIT
                0x0000000008000a5c       0x96 drivers/src/stm32f407xx_i2c_driver.o
                0x0000000008000a5c                I2C_SlaveReceiveDataIT
 *fill*         0x0000000008000af2        0x2 
 .text.I2C_IRQInterruptConfig
                0x0000000008000af4       0x70 drivers/src/stm32f407xx_i2c_driver.o
                0x0000000008000af4                I2C_IRQInterruptConfig
 .text.I2C_MasterHandleTXEIT
                0x0000000008000b64       0x3a drivers/src/stm32f407xx_i2c_driver.o
 .text.I2C_MasterHandleRXNEIT
                0x0000000008000b9e       0xba drivers/src/stm32f407xx_i2c_driver.o
 .text.I2C_SlaveHandleTXEIT
                0x0000000008000c58       0x3a drivers/src/stm32f407xx_i2c_driver.o
 .text.I2C_SlaveHandleRXNEIT
                0x0000000008000c92       0x3c drivers/src/stm32f407xx_i2c_driver.o
 .text.I2C_CloseReceiveData
                0x0000000008000cce       0x6c drivers/src/stm32f407xx_i2c_driver.o
                0x0000000008000cce                I2C_CloseReceiveData
 .text.I2C_CloseSendData
                0x0000000008000d3a       0x54 drivers/src/stm32f407xx_i2c_driver.o
                0x0000000008000d3a                I2C_CloseSendData
 .text.I2C_EV_IRQHandling
                0x0000000008000d8e      0x210 drivers/src/stm32f407xx_i2c_driver.o
                0x0000000008000d8e                I2C_EV_IRQHandling
 .text.I2C_ER_IRQHandling
                0x0000000008000f9e      0x118 drivers/src/stm32f407xx_i2c_driver.o
                0x0000000008000f9e                I2C_ER_IRQHandling
 .text.I2C_PeripheralControl
                0x00000000080010b6       0x36 drivers/src/stm32f407xx_i2c_driver.o
                0x00000000080010b6                I2C_PeripheralControl
 .text.I2C_ManageAcking
                0x00000000080010ec       0x36 drivers/src/stm32f407xx_i2c_driver.o
                0x00000000080010ec                I2C_ManageAcking
 .text.I2C_GenerateStopCondition
                0x0000000008001122       0x1e drivers/src/stm32f407xx_i2c_driver.o
                0x0000000008001122                I2C_GenerateStopCondition
 .text.RCC_GetPLLOutputClock
                0x0000000008001140        0xe drivers/src/stm32f407xx_rcc_driver.o
                0x0000000008001140                RCC_GetPLLOutputClock
 *fill*         0x000000000800114e        0x2 
 .text.RCC_GetPCLK1Value
                0x0000000008001150       0xb4 drivers/src/stm32f407xx_rcc_driver.o
                0x0000000008001150                RCC_GetPCLK1Value
 .text.main     0x0000000008001204       0xa0 src/012i2c_slave_tx_string_alt.o
                0x0000000008001204                main
 .text.I2C_GPIO_Setup
                0x00000000080012a4       0x4c src/012i2c_slave_tx_string_alt.o
                0x00000000080012a4                I2C_GPIO_Setup
 .text.GPIO_ButtonInit
                0x00000000080012f0       0x34 src/012i2c_slave_tx_string_alt.o
                0x00000000080012f0                GPIO_ButtonInit
 .text.I2C_Setup
                0x0000000008001324       0x38 src/012i2c_slave_tx_string_alt.o
                0x0000000008001324                I2C_Setup
 .text.I2C1_EV_IRQHandler
                0x000000000800135c       0x14 src/012i2c_slave_tx_string_alt.o
                0x000000000800135c                I2C1_EV_IRQHandler
 .text.I2C1_ER_IRQHandler
                0x0000000008001370       0x14 src/012i2c_slave_tx_string_alt.o
                0x0000000008001370                I2C1_ER_IRQHandler
 .text.I2C_ApplicationEventCallback
                0x0000000008001384       0x58 src/012i2c_slave_tx_string_alt.o
                0x0000000008001384                I2C_ApplicationEventCallback
 .text.ITM_SendChar
                0x00000000080013dc       0x4c src/syscalls.o
                0x00000000080013dc                ITM_SendChar
 .text._read    0x0000000008001428       0x3a src/syscalls.o
                0x0000000008001428                _read
 .text._write   0x0000000008001462       0x38 src/syscalls.o
                0x0000000008001462                _write
 .text._close   0x000000000800149a       0x16 src/syscalls.o
                0x000000000800149a                _close
 .text._fstat   0x00000000080014b0       0x1e src/syscalls.o
                0x00000000080014b0                _fstat
 .text._isatty  0x00000000080014ce       0x14 src/syscalls.o
                0x00000000080014ce                _isatty
 .text._lseek   0x00000000080014e2       0x18 src/syscalls.o
                0x00000000080014e2                _lseek
 *fill*         0x00000000080014fa        0x2 
 .text.Reset_Handler
                0x00000000080014fc       0x50 startup/startup_stm32.o
                0x00000000080014fc                Reset_Handler
 .text.Default_Handler
                0x000000000800154c        0x2 startup/startup_stm32.o
                0x000000000800154c                RTC_Alarm_IRQHandler
                0x000000000800154c                HASH_RNG_IRQHandler
                0x000000000800154c                EXTI2_IRQHandler
                0x000000000800154c                TIM8_CC_IRQHandler
                0x000000000800154c                DebugMon_Handler
                0x000000000800154c                TIM1_CC_IRQHandler
                0x000000000800154c                DMA2_Stream5_IRQHandler
                0x000000000800154c                HardFault_Handler
                0x000000000800154c                DMA1_Stream5_IRQHandler
                0x000000000800154c                SysTick_Handler
                0x000000000800154c                PVD_IRQHandler
                0x000000000800154c                SDIO_IRQHandler
                0x000000000800154c                TAMP_STAMP_IRQHandler
                0x000000000800154c                PendSV_Handler
                0x000000000800154c                NMI_Handler
                0x000000000800154c                CAN2_RX1_IRQHandler
                0x000000000800154c                EXTI3_IRQHandler
                0x000000000800154c                TIM8_TRG_COM_TIM14_IRQHandler
                0x000000000800154c                TIM1_UP_TIM10_IRQHandler
                0x000000000800154c                TIM8_UP_TIM13_IRQHandler
                0x000000000800154c                I2C3_ER_IRQHandler
                0x000000000800154c                LCD_TFT_IRQHandler
                0x000000000800154c                EXTI0_IRQHandler
                0x000000000800154c                I2C2_EV_IRQHandler
                0x000000000800154c                DMA1_Stream2_IRQHandler
                0x000000000800154c                CAN1_RX0_IRQHandler
                0x000000000800154c                FPU_IRQHandler
                0x000000000800154c                OTG_HS_WKUP_IRQHandler
                0x000000000800154c                UsageFault_Handler
                0x000000000800154c                CAN2_SCE_IRQHandler
                0x000000000800154c                DMA2_Stream2_IRQHandler
                0x000000000800154c                SPI1_IRQHandler
                0x000000000800154c                TIM6_DAC_IRQHandler
                0x000000000800154c                TIM1_BRK_TIM9_IRQHandler
                0x000000000800154c                DCMI_IRQHandler
                0x000000000800154c                CAN2_RX0_IRQHandler
                0x000000000800154c                DMA2_Stream3_IRQHandler
                0x000000000800154c                USART6_IRQHandler
                0x000000000800154c                USART3_IRQHandler
                0x000000000800154c                CRYP_IRQHandler
                0x000000000800154c                CAN1_RX1_IRQHandler
                0x000000000800154c                UART5_IRQHandler
                0x000000000800154c                DMA2_Stream0_IRQHandler
                0x000000000800154c                TIM4_IRQHandler
                0x000000000800154c                DMA1_Stream6_IRQHandler
                0x000000000800154c                DMA1_Stream1_IRQHandler
                0x000000000800154c                UART4_IRQHandler
                0x000000000800154c                LCD_TFT_1_IRQHandler
                0x000000000800154c                TIM3_IRQHandler
                0x000000000800154c                RCC_IRQHandler
                0x000000000800154c                TIM8_BRK_TIM12_IRQHandler
                0x000000000800154c                Default_Handler
                0x000000000800154c                EXTI15_10_IRQHandler
                0x000000000800154c                ADC_IRQHandler
                0x000000000800154c                DMA1_Stream7_IRQHandler
                0x000000000800154c                TIM7_IRQHandler
                0x000000000800154c                CAN2_TX_IRQHandler
                0x000000000800154c                TIM5_IRQHandler
                0x000000000800154c                DMA2_Stream7_IRQHandler
                0x000000000800154c                I2C3_EV_IRQHandler
                0x000000000800154c                EXTI9_5_IRQHandler
                0x000000000800154c                RTC_WKUP_IRQHandler
                0x000000000800154c                ETH_WKUP_IRQHandler
                0x000000000800154c                SPI2_IRQHandler
                0x000000000800154c                OTG_HS_EP1_IN_IRQHandler
                0x000000000800154c                MemManage_Handler
                0x000000000800154c                DMA1_Stream0_IRQHandler
                0x000000000800154c                CAN1_TX_IRQHandler
                0x000000000800154c                SVC_Handler
                0x000000000800154c                EXTI4_IRQHandler
                0x000000000800154c                FSMC_IRQHandler
                0x000000000800154c                ETH_IRQHandler
                0x000000000800154c                OTG_HS_EP1_OUT_IRQHandler
                0x000000000800154c                WWDG_IRQHandler
                0x000000000800154c                TIM2_IRQHandler
                0x000000000800154c                OTG_FS_WKUP_IRQHandler
                0x000000000800154c                TIM1_TRG_COM_TIM11_IRQHandler
                0x000000000800154c                OTG_HS_IRQHandler
                0x000000000800154c                EXTI1_IRQHandler
                0x000000000800154c                USART2_IRQHandler
                0x000000000800154c                I2C2_ER_IRQHandler
                0x000000000800154c                DMA2_Stream1_IRQHandler
                0x000000000800154c                CAN1_SCE_IRQHandler
                0x000000000800154c                DMA2_Stream4_IRQHandler
                0x000000000800154c                BusFault_Handler
                0x000000000800154c                USART1_IRQHandler
                0x000000000800154c                OTG_FS_IRQHandler
                0x000000000800154c                SPI3_IRQHandler
                0x000000000800154c                DMA1_Stream4_IRQHandler
                0x000000000800154c                DMA2_Stream6_IRQHandler
                0x000000000800154c                DMA1_Stream3_IRQHandler
 *fill*         0x000000000800154e        0x2 
 .text._sbrk    0x0000000008001550       0x58 startup/sysmem.o
                0x0000000008001550                _sbrk
 .text.__errno  0x00000000080015a8        0xc d:/st/stm32cubeide_1.3.0/stm32cubeide/plugins/com.st.stm32cube.ide.mcu.externaltools.gnu-tools-for-stm32.7-2018-q2-update.win32_1.0.0.201904181610/tools/bin/../lib/gcc/arm-none-eabi/7.3.1/../../../../arm-none-eabi/lib/thumb/v7e-m\libc_nano.a(lib_a-errno.o)
                0x00000000080015a8                __errno
 .text.__libc_init_array
                0x00000000080015b4       0x48 d:/st/stm32cubeide_1.3.0/stm32cubeide/plugins/com.st.stm32cube.ide.mcu.externaltools.gnu-tools-for-stm32.7-2018-q2-update.win32_1.0.0.201904181610/tools/bin/../lib/gcc/arm-none-eabi/7.3.1/../../../../arm-none-eabi/lib/thumb/v7e-m\libc_nano.a(lib_a-init.o)
                0x00000000080015b4                __libc_init_array
 .text.memset   0x00000000080015fc       0x10 d:/st/stm32cubeide_1.3.0/stm32cubeide/plugins/com.st.stm32cube.ide.mcu.externaltools.gnu-tools-for-stm32.7-2018-q2-update.win32_1.0.0.201904181610/tools/bin/../lib/gcc/arm-none-eabi/7.3.1/../../../../arm-none-eabi/lib/thumb/v7e-m\libc_nano.a(lib_a-memset.o)
                0x00000000080015fc                memset
 .text._puts_r  0x000000000800160c       0xb8 d:/st/stm32cubeide_1.3.0/stm32cubeide/plugins/com.st.stm32cube.ide.mcu.externaltools.gnu-tools-for-stm32.7-2018-q2-update.win32_1.0.0.201904181610/tools/bin/../lib/gcc/arm-none-eabi/7.3.1/../../../../arm-none-eabi/lib/thumb/v7e-m\libc_nano.a(lib_a-puts.o)
                0x000000000800160c                _puts_r
 .text.puts     0x00000000080016c4       0x10 d:/st/stm32cubeide_1.3.0/stm32cubeide/plugins/com.st.stm32cube.ide.mcu.externaltools.gnu-tools-for-stm32.7-2018-q2-update.win32_1.0.0.201904181610/tools/bin/../lib/gcc/arm-none-eabi/7.3.1/../../../../arm-none-eabi/lib/thumb/v7e-m\libc_nano.a(lib_a-puts.o)
                0x00000000080016c4                puts
 .text.__swbuf_r
                0x00000000080016d4       0xa4 d:/st/stm32cubeide_1.3.0/stm32cubeide/plugins/com.st.stm32cube.ide.mcu.externaltools.gnu-tools-for-stm32.7-2018-q2-update.win32_1.0.0.201904181610/tools/bin/../lib/gcc/arm-none-eabi/7.3.1/../../../../arm-none-eabi/lib/thumb/v7e-m\libc_nano.a(lib_a-wbuf.o)
                0x00000000080016d4                __swbuf_r
 .text.__swsetup_r
                0x0000000008001778       0xdc d:/st/stm32cubeide_1.3.0/stm32cubeide/plugins/com.st.stm32cube.ide.mcu.externaltools.gnu-tools-for-stm32.7-2018-q2-update.win32_1.0.0.201904181610/tools/bin/../lib/gcc/arm-none-eabi/7.3.1/../../../../arm-none-eabi/lib/thumb/v7e-m\libc_nano.a(lib_a-wsetup.o)
                0x0000000008001778                __swsetup_r
 .text.__sflush_r
                0x0000000008001854      0x10c d:/st/stm32cubeide_1.3.0/stm32cubeide/plugins/com.st.stm32cube.ide.mcu.externaltools.gnu-tools-for-stm32.7-2018-q2-update.win32_1.0.0.201904181610/tools/bin/../lib/gcc/arm-none-eabi/7.3.1/../../../../arm-none-eabi/lib/thumb/v7e-m\libc_nano.a(lib_a-fflush.o)
                0x0000000008001854                __sflush_r
 .text._fflush_r
                0x0000000008001960       0x54 d:/st/stm32cubeide_1.3.0/stm32cubeide/plugins/com.st.stm32cube.ide.mcu.externaltools.gnu-tools-for-stm32.7-2018-q2-update.win32_1.0.0.201904181610/tools/bin/../lib/gcc/arm-none-eabi/7.3.1/../../../../arm-none-eabi/lib/thumb/v7e-m\libc_nano.a(lib_a-fflush.o)
                0x0000000008001960                _fflush_r
 .text.std      0x00000000080019b4       0x48 d:/st/stm32cubeide_1.3.0/stm32cubeide/plugins/com.st.stm32cube.ide.mcu.externaltools.gnu-tools-for-stm32.7-2018-q2-update.win32_1.0.0.201904181610/tools/bin/../lib/gcc/arm-none-eabi/7.3.1/../../../../arm-none-eabi/lib/thumb/v7e-m\libc_nano.a(lib_a-findfp.o)
 .text._cleanup_r
                0x00000000080019fc        0xc d:/st/stm32cubeide_1.3.0/stm32cubeide/plugins/com.st.stm32cube.ide.mcu.externaltools.gnu-tools-for-stm32.7-2018-q2-update.win32_1.0.0.201904181610/tools/bin/../lib/gcc/arm-none-eabi/7.3.1/../../../../arm-none-eabi/lib/thumb/v7e-m\libc_nano.a(lib_a-findfp.o)
                0x00000000080019fc                _cleanup_r
 .text.__sfmoreglue
                0x0000000008001a08       0x2c d:/st/stm32cubeide_1.3.0/stm32cubeide/plugins/com.st.stm32cube.ide.mcu.externaltools.gnu-tools-for-stm32.7-2018-q2-update.win32_1.0.0.201904181610/tools/bin/../lib/gcc/arm-none-eabi/7.3.1/../../../../arm-none-eabi/lib/thumb/v7e-m\libc_nano.a(lib_a-findfp.o)
                0x0000000008001a08                __sfmoreglue
 .text.__sinit  0x0000000008001a34       0x60 d:/st/stm32cubeide_1.3.0/stm32cubeide/plugins/com.st.stm32cube.ide.mcu.externaltools.gnu-tools-for-stm32.7-2018-q2-update.win32_1.0.0.201904181610/tools/bin/../lib/gcc/arm-none-eabi/7.3.1/../../../../arm-none-eabi/lib/thumb/v7e-m\libc_nano.a(lib_a-findfp.o)
                0x0000000008001a34                __sinit
 .text.__sfp    0x0000000008001a94       0x78 d:/st/stm32cubeide_1.3.0/stm32cubeide/plugins/com.st.stm32cube.ide.mcu.externaltools.gnu-tools-for-stm32.7-2018-q2-update.win32_1.0.0.201904181610/tools/bin/../lib/gcc/arm-none-eabi/7.3.1/../../../../arm-none-eabi/lib/thumb/v7e-m\libc_nano.a(lib_a-findfp.o)
                0x0000000008001a94                __sfp
 .text._fwalk_reent
                0x0000000008001b0c       0x3c d:/st/stm32cubeide_1.3.0/stm32cubeide/plugins/com.st.stm32cube.ide.mcu.externaltools.gnu-tools-for-stm32.7-2018-q2-update.win32_1.0.0.201904181610/tools/bin/../lib/gcc/arm-none-eabi/7.3.1/../../../../arm-none-eabi/lib/thumb/v7e-m\libc_nano.a(lib_a-fwalk.o)
                0x0000000008001b0c                _fwalk_reent
 .text.__swhatbuf_r
                0x0000000008001b48       0x48 d:/st/stm32cubeide_1.3.0/stm32cubeide/plugins/com.st.stm32cube.ide.mcu.externaltools.gnu-tools-for-stm32.7-2018-q2-update.win32_1.0.0.201904181610/tools/bin/../lib/gcc/arm-none-eabi/7.3.1/../../../../arm-none-eabi/lib/thumb/v7e-m\libc_nano.a(lib_a-makebuf.o)
                0x0000000008001b48                __swhatbuf_r
 .text.__smakebuf_r
                0x0000000008001b90       0x80 d:/st/stm32cubeide_1.3.0/stm32cubeide/plugins/com.st.stm32cube.ide.mcu.externaltools.gnu-tools-for-stm32.7-2018-q2-update.win32_1.0.0.201904181610/tools/bin/../lib/gcc/arm-none-eabi/7.3.1/../../../../arm-none-eabi/lib/thumb/v7e-m\libc_nano.a(lib_a-makebuf.o)
                0x0000000008001b90                __smakebuf_r
 .text._free_r  0x0000000008001c10       0x9c d:/st/stm32cubeide_1.3.0/stm32cubeide/plugins/com.st.stm32cube.ide.mcu.externaltools.gnu-tools-for-stm32.7-2018-q2-update.win32_1.0.0.201904181610/tools/bin/../lib/gcc/arm-none-eabi/7.3.1/../../../../arm-none-eabi/lib/thumb/v7e-m\libc_nano.a(lib_a-nano-freer.o)
                0x0000000008001c10                _free_r
 .text._malloc_r
                0x0000000008001cac       0xb4 d:/st/stm32cubeide_1.3.0/stm32cubeide/plugins/com.st.stm32cube.ide.mcu.externaltools.gnu-tools-for-stm32.7-2018-q2-update.win32_1.0.0.201904181610/tools/bin/../lib/gcc/arm-none-eabi/7.3.1/../../../../arm-none-eabi/lib/thumb/v7e-m\libc_nano.a(lib_a-nano-mallocr.o)
                0x0000000008001cac                _malloc_r
 .text._sbrk_r  0x0000000008001d60       0x20 d:/st/stm32cubeide_1.3.0/stm32cubeide/plugins/com.st.stm32cube.ide.mcu.externaltools.gnu-tools-for-stm32.7-2018-q2-update.win32_1.0.0.201904181610/tools/bin/../lib/gcc/arm-none-eabi/7.3.1/../../../../arm-none-eabi/lib/thumb/v7e-m\libc_nano.a(lib_a-sbrkr.o)
                0x0000000008001d60                _sbrk_r
 .text.__sread  0x0000000008001d80       0x22 d:/st/stm32cubeide_1.3.0/stm32cubeide/plugins/com.st.stm32cube.ide.mcu.externaltools.gnu-tools-for-stm32.7-2018-q2-update.win32_1.0.0.201904181610/tools/bin/../lib/gcc/arm-none-eabi/7.3.1/../../../../arm-none-eabi/lib/thumb/v7e-m\libc_nano.a(lib_a-stdio.o)
                0x0000000008001d80                __sread
 .text.__swrite
                0x0000000008001da2       0x38 d:/st/stm32cubeide_1.3.0/stm32cubeide/plugins/com.st.stm32cube.ide.mcu.externaltools.gnu-tools-for-stm32.7-2018-q2-update.win32_1.0.0.201904181610/tools/bin/../lib/gcc/arm-none-eabi/7.3.1/../../../../arm-none-eabi/lib/thumb/v7e-m\libc_nano.a(lib_a-stdio.o)
                0x0000000008001da2                __swrite
 .text.__sseek  0x0000000008001dda       0x24 d:/st/stm32cubeide_1.3.0/stm32cubeide/plugins/com.st.stm32cube.ide.mcu.externaltools.gnu-tools-for-stm32.7-2018-q2-update.win32_1.0.0.201904181610/tools/bin/../lib/gcc/arm-none-eabi/7.3.1/../../../../arm-none-eabi/lib/thumb/v7e-m\libc_nano.a(lib_a-stdio.o)
                0x0000000008001dda                __sseek
 .text.__sclose
                0x0000000008001dfe        0x8 d:/st/stm32cubeide_1.3.0/stm32cubeide/plugins/com.st.stm32cube.ide.mcu.externaltools.gnu-tools-for-stm32.7-2018-q2-update.win32_1.0.0.201904181610/tools/bin/../lib/gcc/arm-none-eabi/7.3.1/../../../../arm-none-eabi/lib/thumb/v7e-m\libc_nano.a(lib_a-stdio.o)
                0x0000000008001dfe                __sclose
 *fill*         0x0000000008001e06        0x2 
 .text._write_r
                0x0000000008001e08       0x24 d:/st/stm32cubeide_1.3.0/stm32cubeide/plugins/com.st.stm32cube.ide.mcu.externaltools.gnu-tools-for-stm32.7-2018-q2-update.win32_1.0.0.201904181610/tools/bin/../lib/gcc/arm-none-eabi/7.3.1/../../../../arm-none-eabi/lib/thumb/v7e-m\libc_nano.a(lib_a-writer.o)
                0x0000000008001e08                _write_r
 .text._close_r
                0x0000000008001e2c       0x20 d:/st/stm32cubeide_1.3.0/stm32cubeide/plugins/com.st.stm32cube.ide.mcu.externaltools.gnu-tools-for-stm32.7-2018-q2-update.win32_1.0.0.201904181610/tools/bin/../lib/gcc/arm-none-eabi/7.3.1/../../../../arm-none-eabi/lib/thumb/v7e-m\libc_nano.a(lib_a-closer.o)
                0x0000000008001e2c                _close_r
 .text._fstat_r
                0x0000000008001e4c       0x24 d:/st/stm32cubeide_1.3.0/stm32cubeide/plugins/com.st.stm32cube.ide.mcu.externaltools.gnu-tools-for-stm32.7-2018-q2-update.win32_1.0.0.201904181610/tools/bin/../lib/gcc/arm-none-eabi/7.3.1/../../../../arm-none-eabi/lib/thumb/v7e-m\libc_nano.a(lib_a-fstatr.o)
                0x0000000008001e4c                _fstat_r
 .text._isatty_r
                0x0000000008001e70       0x20 d:/st/stm32cubeide_1.3.0/stm32cubeide/plugins/com.st.stm32cube.ide.mcu.externaltools.gnu-tools-for-stm32.7-2018-q2-update.win32_1.0.0.201904181610/tools/bin/../lib/gcc/arm-none-eabi/7.3.1/../../../../arm-none-eabi/lib/thumb/v7e-m\libc_nano.a(lib_a-isattyr.o)
                0x0000000008001e70                _isatty_r
 .text._lseek_r
                0x0000000008001e90       0x24 d:/st/stm32cubeide_1.3.0/stm32cubeide/plugins/com.st.stm32cube.ide.mcu.externaltools.gnu-tools-for-stm32.7-2018-q2-update.win32_1.0.0.201904181610/tools/bin/../lib/gcc/arm-none-eabi/7.3.1/../../../../arm-none-eabi/lib/thumb/v7e-m\libc_nano.a(lib_a-lseekr.o)
                0x0000000008001e90                _lseek_r
 .text.__malloc_lock
                0x0000000008001eb4        0x2 d:/st/stm32cubeide_1.3.0/stm32cubeide/plugins/com.st.stm32cube.ide.mcu.externaltools.gnu-tools-for-stm32.7-2018-q2-update.win32_1.0.0.201904181610/tools/bin/../lib/gcc/arm-none-eabi/7.3.1/../../../../arm-none-eabi/lib/thumb/v7e-m\libc_nano.a(lib_a-mlock.o)
                0x0000000008001eb4                __malloc_lock
 .text.__malloc_unlock
                0x0000000008001eb6        0x2 d:/st/stm32cubeide_1.3.0/stm32cubeide/plugins/com.st.stm32cube.ide.mcu.externaltools.gnu-tools-for-stm32.7-2018-q2-update.win32_1.0.0.201904181610/tools/bin/../lib/gcc/arm-none-eabi/7.3.1/../../../../arm-none-eabi/lib/thumb/v7e-m\libc_nano.a(lib_a-mlock.o)
                0x0000000008001eb6                __malloc_unlock
 .text._read_r  0x0000000008001eb8       0x24 d:/st/stm32cubeide_1.3.0/stm32cubeide/plugins/com.st.stm32cube.ide.mcu.externaltools.gnu-tools-for-stm32.7-2018-q2-update.win32_1.0.0.201904181610/tools/bin/../lib/gcc/arm-none-eabi/7.3.1/../../../../arm-none-eabi/lib/thumb/v7e-m\libc_nano.a(lib_a-readr.o)
                0x0000000008001eb8                _read_r
 *(.glue_7)
 .glue_7        0x0000000008001edc        0x0 linker stubs
 *(.glue_7t)
 .glue_7t       0x0000000008001edc        0x0 linker stubs
 *(.eh_frame)
 .eh_frame      0x0000000008001edc        0x0 d:/st/stm32cubeide_1.3.0/stm32cubeide/plugins/com.st.stm32cube.ide.mcu.externaltools.gnu-tools-for-stm32.7-2018-q2-update.win32_1.0.0.201904181610/tools/bin/../lib/gcc/arm-none-eabi/7.3.1/thumb/v7e-m/crtbegin.o
 *(.init)
 .init          0x0000000008001edc        0x4 d:/st/stm32cubeide_1.3.0/stm32cubeide/plugins/com.st.stm32cube.ide.mcu.externaltools.gnu-tools-for-stm32.7-2018-q2-update.win32_1.0.0.201904181610/tools/bin/../lib/gcc/arm-none-eabi/7.3.1/thumb/v7e-m/crti.o
                0x0000000008001edc                _init
 .init          0x0000000008001ee0        0x8 d:/st/stm32cubeide_1.3.0/stm32cubeide/plugins/com.st.stm32cube.ide.mcu.externaltools.gnu-tools-for-stm32.7-2018-q2-update.win32_1.0.0.201904181610/tools/bin/../lib/gcc/arm-none-eabi/7.3.1/thumb/v7e-m/crtn.o
 *(.fini)
 .fini          0x0000000008001ee8        0x4 d:/st/stm32cubeide_1.3.0/stm32cubeide/plugins/com.st.stm32cube.ide.mcu.externaltools.gnu-tools-for-stm32.7-2018-q2-update.win32_1.0.0.201904181610/tools/bin/../lib/gcc/arm-none-eabi/7.3.1/thumb/v7e-m/crti.o
                0x0000000008001ee8                _fini
 .fini          0x0000000008001eec        0x8 d:/st/stm32cubeide_1.3.0/stm32cubeide/plugins/com.st.stm32cube.ide.mcu.externaltools.gnu-tools-for-stm32.7-2018-q2-update.win32_1.0.0.201904181610/tools/bin/../lib/gcc/arm-none-eabi/7.3.1/thumb/v7e-m/crtn.o
                0x0000000008001ef4                . = ALIGN (0x4)
                0x0000000008001ef4                _etext = .

.vfp11_veneer   0x0000000008001ef4        0x0
 .vfp11_veneer  0x0000000008001ef4        0x0 linker stubs

.v4_bx          0x0000000008001ef4        0x0
 .v4_bx         0x0000000008001ef4        0x0 linker stubs

.iplt           0x0000000008001ef4        0x0
 .iplt          0x0000000008001ef4        0x0 d:/st/stm32cubeide_1.3.0/stm32cubeide/plugins/com.st.stm32cube.ide.mcu.externaltools.gnu-tools-for-stm32.7-2018-q2-update.win32_1.0.0.201904181610/tools/bin/../lib/gcc/arm-none-eabi/7.3.1/thumb/v7e-m/crtbegin.o

.rodata         0x0000000008001ef4       0x84
                0x0000000008001ef4                . = ALIGN (0x4)
 *(.rodata)
 .rodata        0x0000000008001ef4       0x1e src/012i2c_slave_tx_string_alt.o
 *(.rodata*)
 *fill*         0x0000000008001f12        0x2 
 .rodata._global_impure_ptr
                0x0000000008001f14        0x4 d:/st/stm32cubeide_1.3.0/stm32cubeide/plugins/com.st.stm32cube.ide.mcu.externaltools.gnu-tools-for-stm32.7-2018-q2-update.win32_1.0.0.201904181610/tools/bin/../lib/gcc/arm-none-eabi/7.3.1/../../../../arm-none-eabi/lib/thumb/v7e-m\libc_nano.a(lib_a-impure.o)
                0x0000000008001f14                _global_impure_ptr
 .rodata.__sf_fake_stderr
                0x0000000008001f18       0x20 d:/st/stm32cubeide_1.3.0/stm32cubeide/plugins/com.st.stm32cube.ide.mcu.externaltools.gnu-tools-for-stm32.7-2018-q2-update.win32_1.0.0.201904181610/tools/bin/../lib/gcc/arm-none-eabi/7.3.1/../../../../arm-none-eabi/lib/thumb/v7e-m\libc_nano.a(lib_a-findfp.o)
                0x0000000008001f18                __sf_fake_stderr
 .rodata.__sf_fake_stdin
                0x0000000008001f38       0x20 d:/st/stm32cubeide_1.3.0/stm32cubeide/plugins/com.st.stm32cube.ide.mcu.externaltools.gnu-tools-for-stm32.7-2018-q2-update.win32_1.0.0.201904181610/tools/bin/../lib/gcc/arm-none-eabi/7.3.1/../../../../arm-none-eabi/lib/thumb/v7e-m\libc_nano.a(lib_a-findfp.o)
                0x0000000008001f38                __sf_fake_stdin
 .rodata.__sf_fake_stdout
                0x0000000008001f58       0x20 d:/st/stm32cubeide_1.3.0/stm32cubeide/plugins/com.st.stm32cube.ide.mcu.externaltools.gnu-tools-for-stm32.7-2018-q2-update.win32_1.0.0.201904181610/tools/bin/../lib/gcc/arm-none-eabi/7.3.1/../../../../arm-none-eabi/lib/thumb/v7e-m\libc_nano.a(lib_a-findfp.o)
                0x0000000008001f58                __sf_fake_stdout
                0x0000000008001f78                . = ALIGN (0x4)

.rel.dyn        0x0000000008001f78        0x0
 .rel.iplt      0x0000000008001f78        0x0 d:/st/stm32cubeide_1.3.0/stm32cubeide/plugins/com.st.stm32cube.ide.mcu.externaltools.gnu-tools-for-stm32.7-2018-q2-update.win32_1.0.0.201904181610/tools/bin/../lib/gcc/arm-none-eabi/7.3.1/thumb/v7e-m/crtbegin.o

.ARM.extab      0x0000000008001f78        0x0
                0x0000000008001f78                . = ALIGN (0x4)
 *(.ARM.extab* .gnu.linkonce.armextab.*)
                0x0000000008001f78                . = ALIGN (0x4)

.ARM            0x0000000008001f78        0x0
                0x0000000008001f78                . = ALIGN (0x4)
                0x0000000008001f78                __exidx_start = .
 *(.ARM.exidx*)
                0x0000000008001f78                __exidx_end = .
                0x0000000008001f78                . = ALIGN (0x4)

.preinit_array  0x0000000008001f78        0x0
                0x0000000008001f78                . = ALIGN (0x4)
                0x0000000008001f78                PROVIDE (__preinit_array_start = .)
 *(.preinit_array*)
                0x0000000008001f78                PROVIDE (__preinit_array_end = .)
                0x0000000008001f78                . = ALIGN (0x4)

.init_array     0x0000000008001f78        0x4
                0x0000000008001f78                . = ALIGN (0x4)
                0x0000000008001f78                PROVIDE (__init_array_start = .)
 *(SORT_BY_NAME(.init_array.*))
 *(.init_array*)
 .init_array    0x0000000008001f78        0x4 d:/st/stm32cubeide_1.3.0/stm32cubeide/plugins/com.st.stm32cube.ide.mcu.externaltools.gnu-tools-for-stm32.7-2018-q2-update.win32_1.0.0.201904181610/tools/bin/../lib/gcc/arm-none-eabi/7.3.1/thumb/v7e-m/crtbegin.o
                0x0000000008001f7c                PROVIDE (__init_array_end = .)
                0x0000000008001f7c                . = ALIGN (0x4)

.fini_array     0x0000000008001f7c        0x4
                0x0000000008001f7c                . = ALIGN (0x4)
                [!provide]                        PROVIDE (__fini_array_start = .)
 *(SORT_BY_NAME(.fini_array.*))
 *(.fini_array*)
 .fini_array    0x0000000008001f7c        0x4 d:/st/stm32cubeide_1.3.0/stm32cubeide/plugins/com.st.stm32cube.ide.mcu.externaltools.gnu-tools-for-stm32.7-2018-q2-update.win32_1.0.0.201904181610/tools/bin/../lib/gcc/arm-none-eabi/7.3.1/thumb/v7e-m/crtbegin.o
                [!provide]                        PROVIDE (__fini_array_end = .)
                0x0000000008001f80                . = ALIGN (0x4)
                0x0000000008001f80                _sidata = LOADADDR (.data)

.data           0x0000000020000000       0x9c load address 0x0000000008001f80
                0x0000000020000000                . = ALIGN (0x4)
                0x0000000020000000                _sdata = .
 *(.data)
 .data          0x0000000020000000       0x18 drivers/src/stm32f407xx_rcc_driver.o
                0x0000000020000000                AHB_PreScaler
                0x0000000020000010                APB_PreScaler
 .data          0x0000000020000018       0x20 src/012i2c_slave_tx_string_alt.o
                0x0000000020000018                MESSAGE
 *(.data*)
 .data._impure_ptr
                0x0000000020000038        0x4 d:/st/stm32cubeide_1.3.0/stm32cubeide/plugins/com.st.stm32cube.ide.mcu.externaltools.gnu-tools-for-stm32.7-2018-q2-update.win32_1.0.0.201904181610/tools/bin/../lib/gcc/arm-none-eabi/7.3.1/../../../../arm-none-eabi/lib/thumb/v7e-m\libc_nano.a(lib_a-impure.o)
                0x0000000020000038                _impure_ptr
 .data.impure_data
                0x000000002000003c       0x60 d:/st/stm32cubeide_1.3.0/stm32cubeide/plugins/com.st.stm32cube.ide.mcu.externaltools.gnu-tools-for-stm32.7-2018-q2-update.win32_1.0.0.201904181610/tools/bin/../lib/gcc/arm-none-eabi/7.3.1/../../../../arm-none-eabi/lib/thumb/v7e-m\libc_nano.a(lib_a-impure.o)
                0x000000002000009c                . = ALIGN (0x4)
                0x000000002000009c                _edata = .

.igot.plt       0x000000002000009c        0x0 load address 0x000000000800201c
 .igot.plt      0x000000002000009c        0x0 d:/st/stm32cubeide_1.3.0/stm32cubeide/plugins/com.st.stm32cube.ide.mcu.externaltools.gnu-tools-for-stm32.7-2018-q2-update.win32_1.0.0.201904181610/tools/bin/../lib/gcc/arm-none-eabi/7.3.1/thumb/v7e-m/crtbegin.o
                0x000000002000009c                . = ALIGN (0x4)

.bss            0x000000002000009c       0x70 load address 0x000000000800201c
                0x000000002000009c                _sbss = .
                0x000000002000009c                __bss_start__ = _sbss
 *(.bss)
 .bss           0x000000002000009c       0x1c d:/st/stm32cubeide_1.3.0/stm32cubeide/plugins/com.st.stm32cube.ide.mcu.externaltools.gnu-tools-for-stm32.7-2018-q2-update.win32_1.0.0.201904181610/tools/bin/../lib/gcc/arm-none-eabi/7.3.1/thumb/v7e-m/crtbegin.o
 .bss           0x00000000200000b8        0x1 src/012i2c_slave_tx_string_alt.o
                0x00000000200000b8                txCmplt
 *fill*         0x00000000200000b9        0x3 
 .bss           0x00000000200000bc        0x4 startup/sysmem.o
 *(.bss*)
 .bss.__malloc_free_list
                0x00000000200000c0        0x4 d:/st/stm32cubeide_1.3.0/stm32cubeide/plugins/com.st.stm32cube.ide.mcu.externaltools.gnu-tools-for-stm32.7-2018-q2-update.win32_1.0.0.201904181610/tools/bin/../lib/gcc/arm-none-eabi/7.3.1/../../../../arm-none-eabi/lib/thumb/v7e-m\libc_nano.a(lib_a-nano-mallocr.o)
                0x00000000200000c0                __malloc_free_list
 .bss.__malloc_sbrk_start
                0x00000000200000c4        0x4 d:/st/stm32cubeide_1.3.0/stm32cubeide/plugins/com.st.stm32cube.ide.mcu.externaltools.gnu-tools-for-stm32.7-2018-q2-update.win32_1.0.0.201904181610/tools/bin/../lib/gcc/arm-none-eabi/7.3.1/../../../../arm-none-eabi/lib/thumb/v7e-m\libc_nano.a(lib_a-nano-mallocr.o)
                0x00000000200000c4                __malloc_sbrk_start
 *(COMMON)
 COMMON         0x00000000200000c8       0x40 src/012i2c_slave_tx_string_alt.o
                0x00000000200000c8                hI2C1
                0x00000000200000f0                I2Cpins
                0x00000000200000fc                GpioBtn
 COMMON         0x0000000020000108        0x4 d:/st/stm32cubeide_1.3.0/stm32cubeide/plugins/com.st.stm32cube.ide.mcu.externaltools.gnu-tools-for-stm32.7-2018-q2-update.win32_1.0.0.201904181610/tools/bin/../lib/gcc/arm-none-eabi/7.3.1/../../../../arm-none-eabi/lib/thumb/v7e-m\libc_nano.a(lib_a-reent.o)
                0x0000000020000108                errno
                0x000000002000010c                . = ALIGN (0x4)
                0x000000002000010c                _ebss = .
                0x000000002000010c                __bss_end__ = _ebss

._user_heap_stack
                0x000000002000010c      0x404 load address 0x000000000800201c
                0x0000000020000110                . = ALIGN (0x8)
 *fill*         0x000000002000010c        0x4 
                0x0000000020000110                PROVIDE (end = .)
                [!provide]                        PROVIDE (_end = .)
                0x0000000020000110                . = (. + _Min_Heap_Size)
                0x0000000020000510                . = (. + _Min_Stack_Size)
 *fill*         0x0000000020000110      0x400 
                0x0000000020000510                . = ALIGN (0x8)

/DISCARD/
 libc.a(*)
 libm.a(*)
 libgcc.a(*)

.ARM.attributes
                0x0000000000000000       0x2a
 *(.ARM.attributes)
 .ARM.attributes
                0x0000000000000000       0x1e d:/st/stm32cubeide_1.3.0/stm32cubeide/plugins/com.st.stm32cube.ide.mcu.externaltools.gnu-tools-for-stm32.7-2018-q2-update.win32_1.0.0.201904181610/tools/bin/../lib/gcc/arm-none-eabi/7.3.1/thumb/v7e-m/crti.o
 .ARM.attributes
                0x000000000000001e       0x2e d:/st/stm32cubeide_1.3.0/stm32cubeide/plugins/com.st.stm32cube.ide.mcu.externaltools.gnu-tools-for-stm32.7-2018-q2-update.win32_1.0.0.201904181610/tools/bin/../lib/gcc/arm-none-eabi/7.3.1/thumb/v7e-m/crtbegin.o
 .ARM.attributes
                0x000000000000004c       0x33 drivers/src/stm32f407xx_gpio_driver.o
 .ARM.attributes
                0x000000000000007f       0x33 drivers/src/stm32f407xx_i2c_driver.o
 .ARM.attributes
                0x00000000000000b2       0x33 drivers/src/stm32f407xx_rcc_driver.o
 .ARM.attributes
                0x00000000000000e5       0x33 src/012i2c_slave_tx_string_alt.o
 .ARM.attributes
                0x0000000000000118       0x33 src/syscalls.o
 .ARM.attributes
                0x000000000000014b       0x21 startup/startup_stm32.o
 .ARM.attributes
                0x000000000000016c       0x33 startup/sysmem.o
 .ARM.attributes
                0x000000000000019f       0x2e d:/st/stm32cubeide_1.3.0/stm32cubeide/plugins/com.st.stm32cube.ide.mcu.externaltools.gnu-tools-for-stm32.7-2018-q2-update.win32_1.0.0.201904181610/tools/bin/../lib/gcc/arm-none-eabi/7.3.1/../../../../arm-none-eabi/lib/thumb/v7e-m\libc_nano.a(lib_a-errno.o)
 .ARM.attributes
                0x00000000000001cd       0x2e d:/st/stm32cubeide_1.3.0/stm32cubeide/plugins/com.st.stm32cube.ide.mcu.externaltools.gnu-tools-for-stm32.7-2018-q2-update.win32_1.0.0.201904181610/tools/bin/../lib/gcc/arm-none-eabi/7.3.1/../../../../arm-none-eabi/lib/thumb/v7e-m\libc_nano.a(lib_a-impure.o)
 .ARM.attributes
                0x00000000000001fb       0x2e d:/st/stm32cubeide_1.3.0/stm32cubeide/plugins/com.st.stm32cube.ide.mcu.externaltools.gnu-tools-for-stm32.7-2018-q2-update.win32_1.0.0.201904181610/tools/bin/../lib/gcc/arm-none-eabi/7.3.1/../../../../arm-none-eabi/lib/thumb/v7e-m\libc_nano.a(lib_a-init.o)
 .ARM.attributes
                0x0000000000000229       0x2e d:/st/stm32cubeide_1.3.0/stm32cubeide/plugins/com.st.stm32cube.ide.mcu.externaltools.gnu-tools-for-stm32.7-2018-q2-update.win32_1.0.0.201904181610/tools/bin/../lib/gcc/arm-none-eabi/7.3.1/../../../../arm-none-eabi/lib/thumb/v7e-m\libc_nano.a(lib_a-memset.o)
 .ARM.attributes
                0x0000000000000257       0x2e d:/st/stm32cubeide_1.3.0/stm32cubeide/plugins/com.st.stm32cube.ide.mcu.externaltools.gnu-tools-for-stm32.7-2018-q2-update.win32_1.0.0.201904181610/tools/bin/../lib/gcc/arm-none-eabi/7.3.1/../../../../arm-none-eabi/lib/thumb/v7e-m\libc_nano.a(lib_a-puts.o)
 .ARM.attributes
                0x0000000000000285       0x17 d:/st/stm32cubeide_1.3.0/stm32cubeide/plugins/com.st.stm32cube.ide.mcu.externaltools.gnu-tools-for-stm32.7-2018-q2-update.win32_1.0.0.201904181610/tools/bin/../lib/gcc/arm-none-eabi/7.3.1/../../../../arm-none-eabi/lib/thumb/v7e-m\libc_nano.a(lib_a-strlen.o)
 .ARM.attributes
                0x000000000000029c       0x2e d:/st/stm32cubeide_1.3.0/stm32cubeide/plugins/com.st.stm32cube.ide.mcu.externaltools.gnu-tools-for-stm32.7-2018-q2-update.win32_1.0.0.201904181610/tools/bin/../lib/gcc/arm-none-eabi/7.3.1/../../../../arm-none-eabi/lib/thumb/v7e-m\libc_nano.a(lib_a-wbuf.o)
 .ARM.attributes
                0x00000000000002ca       0x2e d:/st/stm32cubeide_1.3.0/stm32cubeide/plugins/com.st.stm32cube.ide.mcu.externaltools.gnu-tools-for-stm32.7-2018-q2-update.win32_1.0.0.201904181610/tools/bin/../lib/gcc/arm-none-eabi/7.3.1/../../../../arm-none-eabi/lib/thumb/v7e-m\libc_nano.a(lib_a-wsetup.o)
 .ARM.attributes
                0x00000000000002f8       0x2e d:/st/stm32cubeide_1.3.0/stm32cubeide/plugins/com.st.stm32cube.ide.mcu.externaltools.gnu-tools-for-stm32.7-2018-q2-update.win32_1.0.0.201904181610/tools/bin/../lib/gcc/arm-none-eabi/7.3.1/../../../../arm-none-eabi/lib/thumb/v7e-m\libc_nano.a(lib_a-fflush.o)
 .ARM.attributes
                0x0000000000000326       0x2e d:/st/stm32cubeide_1.3.0/stm32cubeide/plugins/com.st.stm32cube.ide.mcu.externaltools.gnu-tools-for-stm32.7-2018-q2-update.win32_1.0.0.201904181610/tools/bin/../lib/gcc/arm-none-eabi/7.3.1/../../../../arm-none-eabi/lib/thumb/v7e-m\libc_nano.a(lib_a-findfp.o)
 .ARM.attributes
                0x0000000000000354       0x2e d:/st/stm32cubeide_1.3.0/stm32cubeide/plugins/com.st.stm32cube.ide.mcu.externaltools.gnu-tools-for-stm32.7-2018-q2-update.win32_1.0.0.201904181610/tools/bin/../lib/gcc/arm-none-eabi/7.3.1/../../../../arm-none-eabi/lib/thumb/v7e-m\libc_nano.a(lib_a-fwalk.o)
 .ARM.attributes
                0x0000000000000382       0x2e d:/st/stm32cubeide_1.3.0/stm32cubeide/plugins/com.st.stm32cube.ide.mcu.externaltools.gnu-tools-for-stm32.7-2018-q2-update.win32_1.0.0.201904181610/tools/bin/../lib/gcc/arm-none-eabi/7.3.1/../../../../arm-none-eabi/lib/thumb/v7e-m\libc_nano.a(lib_a-makebuf.o)
 .ARM.attributes
                0x00000000000003b0       0x2e d:/st/stm32cubeide_1.3.0/stm32cubeide/plugins/com.st.stm32cube.ide.mcu.externaltools.gnu-tools-for-stm32.7-2018-q2-update.win32_1.0.0.201904181610/tools/bin/../lib/gcc/arm-none-eabi/7.3.1/../../../../arm-none-eabi/lib/thumb/v7e-m\libc_nano.a(lib_a-nano-freer.o)
 .ARM.attributes
                0x00000000000003de       0x2e d:/st/stm32cubeide_1.3.0/stm32cubeide/plugins/com.st.stm32cube.ide.mcu.externaltools.gnu-tools-for-stm32.7-2018-q2-update.win32_1.0.0.201904181610/tools/bin/../lib/gcc/arm-none-eabi/7.3.1/../../../../arm-none-eabi/lib/thumb/v7e-m\libc_nano.a(lib_a-nano-mallocr.o)
 .ARM.attributes
                0x000000000000040c       0x2e d:/st/stm32cubeide_1.3.0/stm32cubeide/plugins/com.st.stm32cube.ide.mcu.externaltools.gnu-tools-for-stm32.7-2018-q2-update.win32_1.0.0.201904181610/tools/bin/../lib/gcc/arm-none-eabi/7.3.1/../../../../arm-none-eabi/lib/thumb/v7e-m\libc_nano.a(lib_a-sbrkr.o)
 .ARM.attributes
                0x000000000000043a       0x2e d:/st/stm32cubeide_1.3.0/stm32cubeide/plugins/com.st.stm32cube.ide.mcu.externaltools.gnu-tools-for-stm32.7-2018-q2-update.win32_1.0.0.201904181610/tools/bin/../lib/gcc/arm-none-eabi/7.3.1/../../../../arm-none-eabi/lib/thumb/v7e-m\libc_nano.a(lib_a-stdio.o)
 .ARM.attributes
                0x0000000000000468       0x2e d:/st/stm32cubeide_1.3.0/stm32cubeide/plugins/com.st.stm32cube.ide.mcu.externaltools.gnu-tools-for-stm32.7-2018-q2-update.win32_1.0.0.201904181610/tools/bin/../lib/gcc/arm-none-eabi/7.3.1/../../../../arm-none-eabi/lib/thumb/v7e-m\libc_nano.a(lib_a-writer.o)
 .ARM.attributes
                0x0000000000000496       0x2e d:/st/stm32cubeide_1.3.0/stm32cubeide/plugins/com.st.stm32cube.ide.mcu.externaltools.gnu-tools-for-stm32.7-2018-q2-update.win32_1.0.0.201904181610/tools/bin/../lib/gcc/arm-none-eabi/7.3.1/../../../../arm-none-eabi/lib/thumb/v7e-m\libc_nano.a(lib_a-closer.o)
 .ARM.attributes
                0x00000000000004c4       0x2e d:/st/stm32cubeide_1.3.0/stm32cubeide/plugins/com.st.stm32cube.ide.mcu.externaltools.gnu-tools-for-stm32.7-2018-q2-update.win32_1.0.0.201904181610/tools/bin/../lib/gcc/arm-none-eabi/7.3.1/../../../../arm-none-eabi/lib/thumb/v7e-m\libc_nano.a(lib_a-fstatr.o)
 .ARM.attributes
                0x00000000000004f2       0x2e d:/st/stm32cubeide_1.3.0/stm32cubeide/plugins/com.st.stm32cube.ide.mcu.externaltools.gnu-tools-for-stm32.7-2018-q2-update.win32_1.0.0.201904181610/tools/bin/../lib/gcc/arm-none-eabi/7.3.1/../../../../arm-none-eabi/lib/thumb/v7e-m\libc_nano.a(lib_a-isattyr.o)
 .ARM.attributes
                0x0000000000000520       0x2e d:/st/stm32cubeide_1.3.0/stm32cubeide/plugins/com.st.stm32cube.ide.mcu.externaltools.gnu-tools-for-stm32.7-2018-q2-update.win32_1.0.0.201904181610/tools/bin/../lib/gcc/arm-none-eabi/7.3.1/../../../../arm-none-eabi/lib/thumb/v7e-m\libc_nano.a(lib_a-lseekr.o)
 .ARM.attributes
                0x000000000000054e       0x2e d:/st/stm32cubeide_1.3.0/stm32cubeide/plugins/com.st.stm32cube.ide.mcu.externaltools.gnu-tools-for-stm32.7-2018-q2-update.win32_1.0.0.201904181610/tools/bin/../lib/gcc/arm-none-eabi/7.3.1/../../../../arm-none-eabi/lib/thumb/v7e-m\libc_nano.a(lib_a-mlock.o)
 .ARM.attributes
                0x000000000000057c       0x2e d:/st/stm32cubeide_1.3.0/stm32cubeide/plugins/com.st.stm32cube.ide.mcu.externaltools.gnu-tools-for-stm32.7-2018-q2-update.win32_1.0.0.201904181610/tools/bin/../lib/gcc/arm-none-eabi/7.3.1/../../../../arm-none-eabi/lib/thumb/v7e-m\libc_nano.a(lib_a-readr.o)
 .ARM.attributes
                0x00000000000005aa       0x2e d:/st/stm32cubeide_1.3.0/stm32cubeide/plugins/com.st.stm32cube.ide.mcu.externaltools.gnu-tools-for-stm32.7-2018-q2-update.win32_1.0.0.201904181610/tools/bin/../lib/gcc/arm-none-eabi/7.3.1/../../../../arm-none-eabi/lib/thumb/v7e-m\libc_nano.a(lib_a-reent.o)
 .ARM.attributes
                0x00000000000005d8       0x1e d:/st/stm32cubeide_1.3.0/stm32cubeide/plugins/com.st.stm32cube.ide.mcu.externaltools.gnu-tools-for-stm32.7-2018-q2-update.win32_1.0.0.201904181610/tools/bin/../lib/gcc/arm-none-eabi/7.3.1/thumb/v7e-m/crtn.o
OUTPUT(stm32f4xx_drivers.elf elf32-littlearm)

.debug_info     0x0000000000000000     0x3d26
 .debug_info    0x0000000000000000      0x83c drivers/src/stm32f407xx_gpio_driver.o
 .debug_info    0x000000000000083c      0xc6b drivers/src/stm32f407xx_i2c_driver.o
 .debug_info    0x00000000000014a7      0x39d drivers/src/stm32f407xx_rcc_driver.o
 .debug_info    0x0000000000001844      0xca7 src/012i2c_slave_tx_string_alt.o
 .debug_info    0x00000000000024eb      0xefd src/syscalls.o
 .debug_info    0x00000000000033e8       0x22 startup/startup_stm32.o
 .debug_info    0x000000000000340a      0x91c startup/sysmem.o

.debug_abbrev   0x0000000000000000      0xad5
 .debug_abbrev  0x0000000000000000      0x18d drivers/src/stm32f407xx_gpio_driver.o
 .debug_abbrev  0x000000000000018d      0x204 drivers/src/stm32f407xx_i2c_driver.o
 .debug_abbrev  0x0000000000000391       0xff drivers/src/stm32f407xx_rcc_driver.o
 .debug_abbrev  0x0000000000000490      0x1ff src/012i2c_slave_tx_string_alt.o
 .debug_abbrev  0x000000000000068f      0x279 src/syscalls.o
 .debug_abbrev  0x0000000000000908       0x12 startup/startup_stm32.o
 .debug_abbrev  0x000000000000091a      0x1bb startup/sysmem.o

.debug_aranges  0x0000000000000000      0x2f8
 .debug_aranges
                0x0000000000000000       0x70 drivers/src/stm32f407xx_gpio_driver.o
 .debug_aranges
                0x0000000000000070      0x108 drivers/src/stm32f407xx_i2c_driver.o
 .debug_aranges
                0x0000000000000178       0x30 drivers/src/stm32f407xx_rcc_driver.o
 .debug_aranges
                0x00000000000001a8       0x58 src/012i2c_slave_tx_string_alt.o
 .debug_aranges
                0x0000000000000200       0xb0 src/syscalls.o
 .debug_aranges
                0x00000000000002b0       0x28 startup/startup_stm32.o
 .debug_aranges
                0x00000000000002d8       0x20 startup/sysmem.o

.debug_ranges   0x0000000000000000      0x290
 .debug_ranges  0x0000000000000000       0x60 drivers/src/stm32f407xx_gpio_driver.o
 .debug_ranges  0x0000000000000060       0xf8 drivers/src/stm32f407xx_i2c_driver.o
 .debug_ranges  0x0000000000000158       0x20 drivers/src/stm32f407xx_rcc_driver.o
 .debug_ranges  0x0000000000000178       0x48 src/012i2c_slave_tx_string_alt.o
 .debug_ranges  0x00000000000001c0       0xa0 src/syscalls.o
 .debug_ranges  0x0000000000000260       0x20 startup/startup_stm32.o
 .debug_ranges  0x0000000000000280       0x10 startup/sysmem.o

.debug_macro    0x0000000000000000     0x3ce5
 .debug_macro   0x0000000000000000       0xc2 drivers/src/stm32f407xx_gpio_driver.o
 .debug_macro   0x00000000000000c2      0xa66 drivers/src/stm32f407xx_gpio_driver.o
 .debug_macro   0x0000000000000b28       0x22 drivers/src/stm32f407xx_gpio_driver.o
 .debug_macro   0x0000000000000b4a       0x8e drivers/src/stm32f407xx_gpio_driver.o
 .debug_macro   0x0000000000000bd8       0x51 drivers/src/stm32f407xx_gpio_driver.o
 .debug_macro   0x0000000000000c29       0xef drivers/src/stm32f407xx_gpio_driver.o
 .debug_macro   0x0000000000000d18       0x6a drivers/src/stm32f407xx_gpio_driver.o
 .debug_macro   0x0000000000000d82      0x1df drivers/src/stm32f407xx_gpio_driver.o
 .debug_macro   0x0000000000000f61      0x174 drivers/src/stm32f407xx_gpio_driver.o
 .debug_macro   0x00000000000010d5      0x837 drivers/src/stm32f407xx_gpio_driver.o
 .debug_macro   0x000000000000190c       0xee drivers/src/stm32f407xx_gpio_driver.o
 .debug_macro   0x00000000000019fa      0x11e drivers/src/stm32f407xx_gpio_driver.o
 .debug_macro   0x0000000000001b18      0x12f drivers/src/stm32f407xx_gpio_driver.o
 .debug_macro   0x0000000000001c47       0xd0 drivers/src/stm32f407xx_gpio_driver.o
 .debug_macro   0x0000000000001d17       0xda drivers/src/stm32f407xx_i2c_driver.o
 .debug_macro   0x0000000000001df1       0xf4 drivers/src/stm32f407xx_i2c_driver.o
 .debug_macro   0x0000000000001ee5      0x118 drivers/src/stm32f407xx_i2c_driver.o
 .debug_macro   0x0000000000001ffd       0xbc drivers/src/stm32f407xx_rcc_driver.o
 .debug_macro   0x00000000000020b9      0x256 src/012i2c_slave_tx_string_alt.o
 .debug_macro   0x000000000000230f       0x40 src/012i2c_slave_tx_string_alt.o
 .debug_macro   0x000000000000234f       0x18 src/012i2c_slave_tx_string_alt.o
 .debug_macro   0x0000000000002367       0x94 src/012i2c_slave_tx_string_alt.o
 .debug_macro   0x00000000000023fb       0x3c src/012i2c_slave_tx_string_alt.o
 .debug_macro   0x0000000000002437       0x34 src/012i2c_slave_tx_string_alt.o
 .debug_macro   0x000000000000246b       0x16 src/012i2c_slave_tx_string_alt.o
 .debug_macro   0x0000000000002481       0x57 src/012i2c_slave_tx_string_alt.o
 .debug_macro   0x00000000000024d8       0x97 src/012i2c_slave_tx_string_alt.o
 .debug_macro   0x000000000000256f      0x330 src/012i2c_slave_tx_string_alt.o
 .debug_macro   0x000000000000289f       0xfd src/012i2c_slave_tx_string_alt.o
 .debug_macro   0x000000000000299c       0x10 src/012i2c_slave_tx_string_alt.o
 .debug_macro   0x00000000000029ac       0x52 src/012i2c_slave_tx_string_alt.o
 .debug_macro   0x00000000000029fe       0x1f src/012i2c_slave_tx_string_alt.o
 .debug_macro   0x0000000000002a1d       0x43 src/012i2c_slave_tx_string_alt.o
 .debug_macro   0x0000000000002a60       0x20 src/012i2c_slave_tx_string_alt.o
 .debug_macro   0x0000000000002a80      0x1a3 src/012i2c_slave_tx_string_alt.o
 .debug_macro   0x0000000000002c23       0x10 src/012i2c_slave_tx_string_alt.o
 .debug_macro   0x0000000000002c33       0x1c src/012i2c_slave_tx_string_alt.o
 .debug_macro   0x0000000000002c4f       0x52 src/012i2c_slave_tx_string_alt.o
 .debug_macro   0x0000000000002ca1       0x40 src/012i2c_slave_tx_string_alt.o
 .debug_macro   0x0000000000002ce1       0x10 src/012i2c_slave_tx_string_alt.o
 .debug_macro   0x0000000000002cf1       0x40 src/012i2c_slave_tx_string_alt.o
 .debug_macro   0x0000000000002d31       0xd7 src/012i2c_slave_tx_string_alt.o
 .debug_macro   0x0000000000002e08       0x1c src/012i2c_slave_tx_string_alt.o
 .debug_macro   0x0000000000002e24       0x3d src/012i2c_slave_tx_string_alt.o
 .debug_macro   0x0000000000002e61       0x16 src/012i2c_slave_tx_string_alt.o
 .debug_macro   0x0000000000002e77      0x145 src/012i2c_slave_tx_string_alt.o
 .debug_macro   0x0000000000002fbc       0x16 src/012i2c_slave_tx_string_alt.o
 .debug_macro   0x0000000000002fd2       0x35 src/012i2c_slave_tx_string_alt.o
 .debug_macro   0x0000000000003007       0x20 src/012i2c_slave_tx_string_alt.o
 .debug_macro   0x0000000000003027      0x255 src/syscalls.o
 .debug_macro   0x000000000000327c       0x10 src/syscalls.o
 .debug_macro   0x000000000000328c       0x10 src/syscalls.o
 .debug_macro   0x000000000000329c       0x10 src/syscalls.o
 .debug_macro   0x00000000000032ac       0x35 src/syscalls.o
 .debug_macro   0x00000000000032e1      0x122 src/syscalls.o
 .debug_macro   0x0000000000003403       0x16 src/syscalls.o
 .debug_macro   0x0000000000003419       0x16 src/syscalls.o
 .debug_macro   0x000000000000342f       0x29 src/syscalls.o
 .debug_macro   0x0000000000003458       0x10 src/syscalls.o
 .debug_macro   0x0000000000003468      0x241 src/syscalls.o
 .debug_macro   0x00000000000036a9       0x1c src/syscalls.o
 .debug_macro   0x00000000000036c5       0x10 src/syscalls.o
 .debug_macro   0x00000000000036d5      0x189 src/syscalls.o
 .debug_macro   0x000000000000385e       0x16 src/syscalls.o
 .debug_macro   0x0000000000003874       0x88 src/syscalls.o
 .debug_macro   0x00000000000038fc      0x1ae startup/sysmem.o
 .debug_macro   0x0000000000003aaa      0x23b startup/sysmem.o

.debug_line     0x0000000000000000     0x298e
 .debug_line    0x0000000000000000      0x6ac drivers/src/stm32f407xx_gpio_driver.o
 .debug_line    0x00000000000006ac      0x942 drivers/src/stm32f407xx_i2c_driver.o
 .debug_line    0x0000000000000fee      0x4e8 drivers/src/stm32f407xx_rcc_driver.o
 .debug_line    0x00000000000014d6      0x787 src/012i2c_slave_tx_string_alt.o
 .debug_line    0x0000000000001c5d      0x758 src/syscalls.o
 .debug_line    0x00000000000023b5       0x7c startup/startup_stm32.o
 .debug_line    0x0000000000002431      0x55d startup/sysmem.o

.debug_str      0x0000000000000000     0xcfb8
 .debug_str     0x0000000000000000     0x75d2 drivers/src/stm32f407xx_gpio_driver.o
                                       0x77e5 (size before relaxing)
 .debug_str     0x00000000000075d2      0x41f drivers/src/stm32f407xx_i2c_driver.o
                                       0x7983 (size before relaxing)
 .debug_str     0x00000000000079f1       0xac drivers/src/stm32f407xx_rcc_driver.o
                                       0x75a5 (size before relaxing)
 .debug_str     0x0000000000007a9d     0x4242 src/012i2c_slave_tx_string_alt.o
                                       0xb843 (size before relaxing)
 .debug_str     0x000000000000bcdf     0x127b src/syscalls.o
                                       0x8956 (size before relaxing)
 .debug_str     0x000000000000cf5a       0x29 startup/startup_stm32.o
                                         0x86 (size before relaxing)
 .debug_str     0x000000000000cf83       0x35 startup/sysmem.o
                                       0x7af8 (size before relaxing)

.comment        0x0000000000000000       0x7b
 .comment       0x0000000000000000       0x7b drivers/src/stm32f407xx_gpio_driver.o
                                         0x7c (size before relaxing)
 .comment       0x000000000000007b       0x7c drivers/src/stm32f407xx_i2c_driver.o
 .comment       0x000000000000007b       0x7c drivers/src/stm32f407xx_rcc_driver.o
 .comment       0x000000000000007b       0x7c src/012i2c_slave_tx_string_alt.o
 .comment       0x000000000000007b       0x7c src/syscalls.o
 .comment       0x000000000000007b       0x7c startup/sysmem.o

.debug_frame    0x0000000000000000     0x10d4
 .debug_frame   0x0000000000000000      0x1c8 drivers/src/stm32f407xx_gpio_driver.o
 .debug_frame   0x00000000000001c8      0x490 drivers/src/stm32f407xx_i2c_driver.o
 .debug_frame   0x0000000000000658       0x7c drivers/src/stm32f407xx_rcc_driver.o
 .debug_frame   0x00000000000006d4      0x108 src/012i2c_slave_tx_string_alt.o
 .debug_frame   0x00000000000007dc      0x2d4 src/syscalls.o
 .debug_frame   0x0000000000000ab0       0x34 startup/sysmem.o
 .debug_frame   0x0000000000000ae4       0x20 d:/st/stm32cubeide_1.3.0/stm32cubeide/plugins/com.st.stm32cube.ide.mcu.externaltools.gnu-tools-for-stm32.7-2018-q2-update.win32_1.0.0.201904181610/tools/bin/../lib/gcc/arm-none-eabi/7.3.1/../../../../arm-none-eabi/lib/thumb/v7e-m\libc_nano.a(lib_a-errno.o)
 .debug_frame   0x0000000000000b04       0x2c d:/st/stm32cubeide_1.3.0/stm32cubeide/plugins/com.st.stm32cube.ide.mcu.externaltools.gnu-tools-for-stm32.7-2018-q2-update.win32_1.0.0.201904181610/tools/bin/../lib/gcc/arm-none-eabi/7.3.1/../../../../arm-none-eabi/lib/thumb/v7e-m\libc_nano.a(lib_a-init.o)
 .debug_frame   0x0000000000000b30       0x20 d:/st/stm32cubeide_1.3.0/stm32cubeide/plugins/com.st.stm32cube.ide.mcu.externaltools.gnu-tools-for-stm32.7-2018-q2-update.win32_1.0.0.201904181610/tools/bin/../lib/gcc/arm-none-eabi/7.3.1/../../../../arm-none-eabi/lib/thumb/v7e-m\libc_nano.a(lib_a-memset.o)
 .debug_frame   0x0000000000000b50       0x3c d:/st/stm32cubeide_1.3.0/stm32cubeide/plugins/com.st.stm32cube.ide.mcu.externaltools.gnu-tools-for-stm32.7-2018-q2-update.win32_1.0.0.201904181610/tools/bin/../lib/gcc/arm-none-eabi/7.3.1/../../../../arm-none-eabi/lib/thumb/v7e-m\libc_nano.a(lib_a-puts.o)
 .debug_frame   0x0000000000000b8c       0x40 d:/st/stm32cubeide_1.3.0/stm32cubeide/plugins/com.st.stm32cube.ide.mcu.externaltools.gnu-tools-for-stm32.7-2018-q2-update.win32_1.0.0.201904181610/tools/bin/../lib/gcc/arm-none-eabi/7.3.1/../../../../arm-none-eabi/lib/thumb/v7e-m\libc_nano.a(lib_a-wbuf.o)
 .debug_frame   0x0000000000000bcc       0x2c d:/st/stm32cubeide_1.3.0/stm32cubeide/plugins/com.st.stm32cube.ide.mcu.externaltools.gnu-tools-for-stm32.7-2018-q2-update.win32_1.0.0.201904181610/tools/bin/../lib/gcc/arm-none-eabi/7.3.1/../../../../arm-none-eabi/lib/thumb/v7e-m\libc_nano.a(lib_a-wsetup.o)
 .debug_frame   0x0000000000000bf8       0x68 d:/st/stm32cubeide_1.3.0/stm32cubeide/plugins/com.st.stm32cube.ide.mcu.externaltools.gnu-tools-for-stm32.7-2018-q2-update.win32_1.0.0.201904181610/tools/bin/../lib/gcc/arm-none-eabi/7.3.1/../../../../arm-none-eabi/lib/thumb/v7e-m\libc_nano.a(lib_a-fflush.o)
 .debug_frame   0x0000000000000c60      0x11c d:/st/stm32cubeide_1.3.0/stm32cubeide/plugins/com.st.stm32cube.ide.mcu.externaltools.gnu-tools-for-stm32.7-2018-q2-update.win32_1.0.0.201904181610/tools/bin/../lib/gcc/arm-none-eabi/7.3.1/../../../../arm-none-eabi/lib/thumb/v7e-m\libc_nano.a(lib_a-findfp.o)
 .debug_frame   0x0000000000000d7c       0x54 d:/st/stm32cubeide_1.3.0/stm32cubeide/plugins/com.st.stm32cube.ide.mcu.externaltools.gnu-tools-for-stm32.7-2018-q2-update.win32_1.0.0.201904181610/tools/bin/../lib/gcc/arm-none-eabi/7.3.1/../../../../arm-none-eabi/lib/thumb/v7e-m\libc_nano.a(lib_a-fwalk.o)
 .debug_frame   0x0000000000000dd0       0x58 d:/st/stm32cubeide_1.3.0/stm32cubeide/plugins/com.st.stm32cube.ide.mcu.externaltools.gnu-tools-for-stm32.7-2018-q2-update.win32_1.0.0.201904181610/tools/bin/../lib/gcc/arm-none-eabi/7.3.1/../../../../arm-none-eabi/lib/thumb/v7e-m\libc_nano.a(lib_a-makebuf.o)
 .debug_frame   0x0000000000000e28       0x38 d:/st/stm32cubeide_1.3.0/stm32cubeide/plugins/com.st.stm32cube.ide.mcu.externaltools.gnu-tools-for-stm32.7-2018-q2-update.win32_1.0.0.201904181610/tools/bin/../lib/gcc/arm-none-eabi/7.3.1/../../../../arm-none-eabi/lib/thumb/v7e-m\libc_nano.a(lib_a-nano-freer.o)
 .debug_frame   0x0000000000000e60       0x2c d:/st/stm32cubeide_1.3.0/stm32cubeide/plugins/com.st.stm32cube.ide.mcu.externaltools.gnu-tools-for-stm32.7-2018-q2-update.win32_1.0.0.201904181610/tools/bin/../lib/gcc/arm-none-eabi/7.3.1/../../../../arm-none-eabi/lib/thumb/v7e-m\libc_nano.a(lib_a-nano-mallocr.o)
 .debug_frame   0x0000000000000e8c       0x2c d:/st/stm32cubeide_1.3.0/stm32cubeide/plugins/com.st.stm32cube.ide.mcu.externaltools.gnu-tools-for-stm32.7-2018-q2-update.win32_1.0.0.201904181610/tools/bin/../lib/gcc/arm-none-eabi/7.3.1/../../../../arm-none-eabi/lib/thumb/v7e-m\libc_nano.a(lib_a-sbrkr.o)
 .debug_frame   0x0000000000000eb8       0x88 d:/st/stm32cubeide_1.3.0/stm32cubeide/plugins/com.st.stm32cube.ide.mcu.externaltools.gnu-tools-for-stm32.7-2018-q2-update.win32_1.0.0.201904181610/tools/bin/../lib/gcc/arm-none-eabi/7.3.1/../../../../arm-none-eabi/lib/thumb/v7e-m\libc_nano.a(lib_a-stdio.o)
 .debug_frame   0x0000000000000f40       0x2c d:/st/stm32cubeide_1.3.0/stm32cubeide/plugins/com.st.stm32cube.ide.mcu.externaltools.gnu-tools-for-stm32.7-2018-q2-update.win32_1.0.0.201904181610/tools/bin/../lib/gcc/arm-none-eabi/7.3.1/../../../../arm-none-eabi/lib/thumb/v7e-m\libc_nano.a(lib_a-writer.o)
 .debug_frame   0x0000000000000f6c       0x2c d:/st/stm32cubeide_1.3.0/stm32cubeide/plugins/com.st.stm32cube.ide.mcu.externaltools.gnu-tools-for-stm32.7-2018-q2-update.win32_1.0.0.201904181610/tools/bin/../lib/gcc/arm-none-eabi/7.3.1/../../../../arm-none-eabi/lib/thumb/v7e-m\libc_nano.a(lib_a-closer.o)
 .debug_frame   0x0000000000000f98       0x2c d:/st/stm32cubeide_1.3.0/stm32cubeide/plugins/com.st.stm32cube.ide.mcu.externaltools.gnu-tools-for-stm32.7-2018-q2-update.win32_1.0.0.201904181610/tools/bin/../lib/gcc/arm-none-eabi/7.3.1/../../../../arm-none-eabi/lib/thumb/v7e-m\libc_nano.a(lib_a-fstatr.o)
 .debug_frame   0x0000000000000fc4       0x2c d:/st/stm32cubeide_1.3.0/stm32cubeide/plugins/com.st.stm32cube.ide.mcu.externaltools.gnu-tools-for-stm32.7-2018-q2-update.win32_1.0.0.201904181610/tools/bin/../lib/gcc/arm-none-eabi/7.3.1/../../../../arm-none-eabi/lib/thumb/v7e-m\libc_nano.a(lib_a-isattyr.o)
 .debug_frame   0x0000000000000ff0       0x2c d:/st/stm32cubeide_1.3.0/stm32cubeide/plugins/com.st.stm32cube.ide.mcu.externaltools.gnu-tools-for-stm32.7-2018-q2-update.win32_1.0.0.201904181610/tools/bin/../lib/gcc/arm-none-eabi/7.3.1/../../../../arm-none-eabi/lib/thumb/v7e-m\libc_nano.a(lib_a-lseekr.o)
 .debug_frame   0x000000000000101c       0x30 d:/st/stm32cubeide_1.3.0/stm32cubeide/plugins/com.st.stm32cube.ide.mcu.externaltools.gnu-tools-for-stm32.7-2018-q2-update.win32_1.0.0.201904181610/tools/bin/../lib/gcc/arm-none-eabi/7.3.1/../../../../arm-none-eabi/lib/thumb/v7e-m\libc_nano.a(lib_a-mlock.o)
 .debug_frame   0x000000000000104c       0x2c d:/st/stm32cubeide_1.3.0/stm32cubeide/plugins/com.st.stm32cube.ide.mcu.externaltools.gnu-tools-for-stm32.7-2018-q2-update.win32_1.0.0.201904181610/tools/bin/../lib/gcc/arm-none-eabi/7.3.1/../../../../arm-none-eabi/lib/thumb/v7e-m\libc_nano.a(lib_a-readr.o)
 .debug_frame   0x0000000000001078       0x5c d:/st/stm32cubeide_1.3.0/stm32cubeide/plugins/com.st.stm32cube.ide.mcu.externaltools.gnu-tools-for-stm32.7-2018-q2-update.win32_1.0.0.201904181610/tools/bin/../lib/gcc/arm-none-eabi/7.3.1/../../../../arm-none-eabi/lib/thumb/v7e-m\libc_nano.a(lib_a-reent.o)
