stm32f407xx_spi_driver.c:36:6:SPI_PeriClockControl	16	static
stm32f407xx_spi_driver.c:72:6:SPI_Init	24	static
stm32f407xx_spi_driver.c:138:6:SPI_DeInit	16	static
stm32f407xx_spi_driver.c:152:9:SPI_GetFlagStatus	16	static
stm32f407xx_spi_driver.c:173:6:SPI_SendData	24	static
stm32f407xx_spi_driver.c:216:6:SPI_ReceiveData	24	static
stm32f407xx_spi_driver.c:258:9:SPI_SendDataIT	32	static
stm32f407xx_spi_driver.c:303:9:SPI_ReceiveDataIT	32	static
stm32f407xx_spi_driver.c:345:6:SPI_IRQInterruptConfig	24	static
stm32f407xx_spi_driver.c:368:6:SPI_IRQPriorityConfig	16	static
stm32f407xx_spi_driver.c:384:6:SPI_IRQHandling	24	static
stm32f407xx_spi_driver.c:426:6:SPI_PeripheralControl	16	static
stm32f407xx_spi_driver.c:447:6:SPI_SSIConfig	16	static
stm32f407xx_spi_driver.c:469:6:SPI_SSOEConfig	16	static
stm32f407xx_spi_driver.c:477:6:SPI_CloseTransmission	16	static
stm32f407xx_spi_driver.c:484:6:SPI_CloseReception	16	static
stm32f407xx_spi_driver.c:491:6:SPI_ClearOVRFlag	24	static
stm32f407xx_spi_driver.c:498:13:SPI_ApplicationEventCallback	16	static
stm32f407xx_spi_driver.c:510:13:spi_txe_interrupt_handle	16	static
stm32f407xx_spi_driver.c:535:13:spi_rxne_interrupt_handle	16	static
stm32f407xx_spi_driver.c:560:13:spi_ovr_err_interrupt_handle	24	static
