008spi_cmd_handling_it_alternate.c:56:6:delay	24	static
008spi_cmd_handling_it_alternate.c:62:9:SPI_VerifyResponse	16	static
008spi_cmd_handling_it_alternate.c:77:5:main	16	static
008spi_cmd_handling_it_alternate.c:196:6:SPI2_IRQHandler	8	static
008spi_cmd_handling_it_alternate.c:202:6:SPI_ApplicationEventCallback	16	static
008spi_cmd_handling_it_alternate.c:219:6:SPI_GPIO_Setup	24	static
008spi_cmd_handling_it_alternate.c:250:6:SPI2_Inits	8	static
008spi_cmd_handling_it_alternate.c:265:6:GPIO_ButtonInit	24	static
